                                                                                
  ╭──────────────────────────────────────────────────────────────────────────╮  
  │ O K D C T L  read-only cluster snapshot                                  │  
  │ cluster status                                                           │  
  │──────────────────────────────────────────────────────────────────────────│  
  │  CLUSTER STATUS · Running                                                │  
  │  API ✓ reachable  ·  Operators 0 degraded                                │  
  │                                                                          │  
  │  NODES · 6 (3 master · 3 worker)                                         │  
  │  ✓ homelab-master0 · master · ready                                      │  
  │  ✓ homelab-master1 · master · ready                                      │  
  │  ✓ homelab-master2 · master · ready                                      │  
  │  ✓ homelab-worker0 · worker · ready                                      │  
  │  ✓ homelab-worker1 · worker · ready                                      │  
  │  ✓ homelab-worker2 · worker · ready                                      │  
  │                                                                          │  
  │  ADD-ONS                                                                 │  
  │  ✓ flux · healthy                                                        │  
  │                                                                          │  
  │                                                                          │  
  │────────────────────────────────────────────────────────── ▸ prod-cluster │  
  │  r refresh • esc hub • ctrl+c quit • ? help                              │  
  ╰──────────────────────────────────────────────────────────────────────────╯  
                                                                                