
╭──────────────────────────────────────── ERROR ─────────────────────────────────────────╮
│                                                                                        │
│  ✗  config error                                                                       │
│                                                                                        │
│  ignition tls cert not found at /path/server.crt                                       │
│                                                                                        │
│  → re-run setup to regenerate it                                                       │
│                                                                                        │
│  exit 2 · run_id RUN123                                                                │
│                                                                                        │
╰────────────────────────────────────────────────────────────────────────────────────────╯
