                                                                                
  ╭──────────────────────────────────────────────────────────────────────────╮  
  │ O K D C T L                                                              │  
  │ configure cluster addons             ●─●─●─●─●─●─●─●─○─○─○  step 8 of 11 │  
  │──────────────────────────────────────────────────────────────────────────│  
  │    ● secret store (onepassword)                                          │  
  │      requires: sops-encrypted 1password-credentials.json and 1password-  │  
  │  token.txt + age key on bastion                                          │  
  │                                                                          │  
  │    connect host                                                          │  
  │    ╭──────────────────────────────────────────────────────╮              │  
  │    │ http://onepassword-connect:8080                      │              │  
  │    ╰──────────────────────────────────────────────────────╯              │  
  │                                                                          │  
  │    ╭─ vaults ───────────────────────────────────────────────────────╮    │  
  │    │╭────────────────────────────╮  ╭────────────────────────────╮  │    │  
  │    ││ > homelab                  │  │ > 1                        │  │    │  
  │    │╰────────────────────────────╯  ╰────────────────────────────╯  │    │  
  │    │ + add                                                          │    │  
  │                                                                          │  
  │────────── ↑ ↓  46% • scroll for more ─────────── ▸ okd 4.22.0-okd-scos.7 │  
  │  ↑↓/tab navigate • enter continue • esc back • ctrl+e done …             │  
  ╰──────────────────────────────────────────────────────────────────────────╯  
                                                                                