                                                                                                    
  ╭──────────────────────────────────────────────────────────────────────────────────────────────╮  
  │ O K D C T L                                                                                  │  
  │ configure cluster addons                             connect · cluster · extras ●○○ · review │  
  │──────────────────────────────────────────────────────────────────────────────────────────────│  
  │    │ automation/config/secrets                                                  │            │  
  │    ╰────────────────────────────────────────────────────────────────────────────╯            │  
  │                                                                                              │  
  │    ● secret store (onepassword)                                                              │  
  │      requires: sops-encrypted 1password-credentials.json and 1password-token.txt + age       │  
  │      key on bastion                                                                          │  
  │                                                                                              │  
  │    connect host                                                                              │  
  │    ╭────────────────────────────────────────────────────────────────────────────╮            │  
  │    │ http://onepassword-connect:8080                                            │ default    │  
  │    ╰────────────────────────────────────────────────────────────────────────────╯            │  
  │                                                                                              │  
  │    ╭─ vaults ───────────────────────────────────────────────────────────────────────────╮    │  
  │    │╭──────────────────────────────────────╮  ╭──────────────────────────────────────╮  │    │  
  │    ││ > homelab                            │  │ > 1                                  │  │    │  
  │    │╰──────────────────────────────────────╯  ╰──────────────────────────────────────╯  │    │  
  │    │ + add                                                                              │    │  
  │    ╰────────────────────────────────────────────────────────────────────────────────────╯    │  
  │    name=priority pairs, e.g. homelab=1,shared=2                                              │  
  │                                                                                              │  
  │                                                                                              │  
  │──────────────────── ↑ ↓  87% • scroll for more ───────────────────── ▸ okd 4.22.0-okd-scos.7 │  
  │  ↑↓/tab navigate • enter continue • esc back • enter/ctrl+e done … • ctrl+c quit • ? help    │  
  ╰──────────────────────────────────────────────────────────────────────────────────────────────╯  
                                                                                                    