                                                                                                                                                                                    
  ╭──────────────────────────────────────────────────────────────────────────────────────────────────────────────────────────────────────────────────────────────────────────────╮  
  │ O K D C T L  okd over proxmox, the easy way                                                                                                                                  │  
  │ basics                                                                                                                                                  ●─○─○─○  step 1 of 4 │  
  │──────────────────────────────────────────────────────────────────────────────────────────────────────────────────────────────────────────────────────────────────────────────│  
  │                                                                                                                                                                              │  
  │                                                                                                                                                                              │  
  │                                                                                                                                                                              │  
  │                                                                                                                                                                              │  
  │                                                                                                                                                                              │  
  │                                                                                                                                                                              │  
  │                                                                                                                                                                              │  
  │                                                                                                                                                                              │  
  │                                                                                                                                                                              │  
  │                                                                                                                                                                              │  
  │                                                                                                                                                                              │  
  │                                                                                                                                                                              │  
  │                                                 ╭──────────────────────────────────────────────────────────────────────────╮                                                 │  
  │                                                 │                                                                          │                                                 │  
  │                                                 │  Jump to                                                                 │                                                 │  
  │                                                 │    ▏                                                                     │                                                 │  
  │                                                 │                                                                          │                                                 │  
  │                                                 │  › basics                                                                │                                                 │  
  │                                                 │    proxmox                                                               │                                                 │  
  │                                                 │    networking                                                            │                                                 │  
  │                                                 │    review                                                                │                                                 │  
  │                                                 │                                                                          │                                                 │  
  │                                                 │  1 – 4 of 4  ·  ↑↓ select  enter open  esc close                         │                                                 │  
  │                                                 │                                                                          │                                                 │  
  │                                                 ╰──────────────────────────────────────────────────────────────────────────╯                                                 │  
  │                                                                                                                                                                              │  
  │                                                                                                                                                                              │  
  │                                                                                                                                                                              │  
  │                                                                                                                                                                              │  
  │                                                                                                                                                                              │  
  │                                                                                                                                                                              │  
  │                                                                                                                                                                              │  
  │                                                                                                                                                                              │  
  │                                                                                                                                                                              │  
  │                                                                                                                                                                              │  
  │                                                                                                                                                                              │  
  │                                                                                                                                                                              │  
  │                                                                                                                                                                              │  
  │                                                                                                                                                                              │  
  │───────────────────────────────────────────────────────────────────────────────────────────────────────────────────────────────────────────────────── ▸ okd 4.22.0-okd-scos.7 │  
  │  ↑↓ navigate • enter confirm • esc back • ctrl+c quit • ? help                                                                                                               │  
  ╰──────────────────────────────────────────────────────────────────────────────────────────────────────────────────────────────────────────────────────────────────────────────╯  
                                                                                                                                                                                    