                                                                                
  ╭──────────────────────────────────────────────────────────────────────────╮  
  │ O K D C T L                                                              │  
  │ which okd version would you li…  connect ✓●○ · cluster · extras · review │  
  │──────────────────────────────────────────────────────────────────────────│  
  │  ○ no releases loaded — check your connection                            │  
  │                                                                          │  
  │  details: dial tcp: connection refused                                   │  
  │                                                                          │  
  │                                                                          │  
  │                                                                          │  
  │                                                                          │  
  │                                                                          │  
  │                                                                          │  
  │                                                                          │  
  │                                                                          │  
  │                                                                          │  
  │                                                                          │  
  │                                                                          │  
  │                                                                          │  
  │────────────────────────────────────────────────── ▸ okd 4.22.0-okd-scos.7│  
  │  esc back • r retry • ctrl+c quit • ? help                               │  
  ╰──────────────────────────────────────────────────────────────────────────╯  
                                                                                