                                                                                                                                                                                    
  ╭──────────────────────────────────────────────────────────────────────────────────────────────────────────────────────────────────────────────────────────────────────────────╮  
  │ O K D C T L  read-only cluster snapshot                                                                                                                                      │  
  │ cluster status                                                                                                                                                               │  
  │──────────────────────────────────────────────────────────────────────────────────────────────────────────────────────────────────────────────────────────────────────────────│  
  │  CLUSTER STATUS · Running                                                                              │  SELECTED NODE                                                      │  
  │  API ✓ healthy · 42ms   NODES 6/6 ready   OPERATORS 0 degraded                                         │  homelab-master0                                                    │  
  │                                                                                                        │    master · ready                                                   │  
  │  NODES · 6 (3 master · 3 worker)                                                                       │                                                                     │  
  │      NODE                                                                                   READINESS  │                                                                     │  
  │  master                                                                                                │                                                                     │  
  │  >   homelab-master0                                                                        ready      │                                                                     │  
  │      homelab-master1                                                                        ready      │                                                                     │  
  │      homelab-master2                                                                        ready      │                                                                     │  
  │  worker                                                                                                │                                                                     │  
  │      homelab-worker0                                                                        ready      │                                                                     │  
  │      homelab-worker1                                                                        ready      │                                                                     │  
  │      homelab-worker2                                                                        ready      │  CLUSTER FACTS                                                      │  
  │                                                                                                        │  Phase: Running                                                     │  
  │  ADD-ONS                                                                                               │  API: healthy · 42ms                                                │  
  │  ✓ flux · healthy                                                                                      │  Nodes: 6/6 ready                                                   │  
  │                                                                                                        │  Operators: 0 degraded                                              │  
  │  ↑/↓ select node · enter details · r refresh                                                           │  Masters: 3/3 ready                                                 │  
  │                                                                                                        │  Workers: 3/3 ready                                                 │  
  │                                                                                                        │                                                                     │  
  │                                                                                                        │                                                                     │  
  │                                                                                                        │                                                                     │  
  │                                                                                                        │                                                                     │  
  │                                                                                                        │                                                                     │  
  │                                                                                                        │                                                                     │  
  │                                                                                                        │                                                                     │  
  │                                                                                                        │                                                                     │  
  │                                                                                                        │                                                                     │  
  │                                                                                                        │                                                                     │  
  │                                                                                                        │                                                                     │  
  │                                                                                                        │                                                                     │  
  │                                                                                                        │                                                                     │  
  │                                                                                                        │                                                                     │  
  │                                                                                                        │                                                                     │  
  │                                                                                                        │                                                                     │  
  │                                                                                                        │                                                                     │  
  │                                                                                                        │  ADD-ONS                                                            │  
  │                                                                                                        │  ✓ flux · healthy                                                   │  
  │                                                                                                                                                                              │  
  │────────────────────────────────────────────────────────────────────────────────────────────────────────────────────────────────────────────────────────────── ▸ prod-cluster │  
  │  esc hub • r refresh • ↑↓ nodes • enter details • ctrl+c quit • ? help                                                                                                       │  
  ╰──────────────────────────────────────────────────────────────────────────────────────────────────────────────────────────────────────────────────────────────────────────────╯  
                                                                                                                                                                                    