                                                                                                                                            
  ╭──────────────────────────────────────────────────────────────────────────────────────────────────────────────────────────────────────╮  
  │ O K D C T L  read-only cluster snapshot                                                                                              │  
  │ cluster status                                                                                                                       │  
  │──────────────────────────────────────────────────────────────────────────────────────────────────────────────────────────────────────│  
  │  CLUSTER STATUS · Running                                                                                                            │  
  │  API ✓ healthy · 42ms   NODES 6/6 ready   OPERATORS 0 degraded                                                                       │  
  │                                                                                                                                      │  
  │  NODES · 6 (3 master · 3 worker)                                                                                                     │  
  │      NODE                                                                                         READINESS                          │  
  │  master                                                                                                                              │  
  │  >   homelab-master0                                                                              ready                              │  
  │      homelab-master1                                                                              ready                              │  
  │      homelab-master2                                                                              ready                              │  
  │  worker                                                                                                                              │  
  │      homelab-worker0                                                                              ready                              │  
  │      homelab-worker1                                                                              ready                              │  
  │      homelab-worker2                                                                              ready                              │  
  │  Selected node     homelab-master0                                                                                                   │  
  │  Role              master                                                                                                            │  
  │  Readiness         ready                                                                                                             │  
  │  Ready condition   ready                                                                                                             │  
  │                                                                                                                                      │  
  │  ADD-ONS                                                                                                                             │  
  │  ✓ flux · healthy                                                                                                                    │  
  │                                                                                                                                      │  
  │  ↑/↓ select node · enter details · r refresh                                                                                         │  
  │                                                                                                                                      │  
  │                                                                                                                                      │  
  │                                                                                                                                      │  
  │                                                                                                                                      │  
  │                                                                                                                                      │  
  │                                                                                                                                      │  
  │                                                                                                                                      │  
  │                                                                                                                                      │  
  │                                                                                                                                      │  
  │────────────────────────────────────────────────────────────────────────────────────────────────────────────────────── ▸ prod-cluster │  
  │  esc hub • r refresh • ↑↓ nodes • enter details • ctrl+c quit • ? help                                                               │  
  ╰──────────────────────────────────────────────────────────────────────────────────────────────────────────────────────────────────────╯  
                                                                                                                                            