                                                                                                                                                                                    
  ╭──────────────────────────────────────────────────────────────────────────────────────────────────────────────────────────────────────────────────────────────────────────────╮  
  │                                                                                                                                                                              │  
  │                                                                                                                                                                              │  
  │                                                                                                                                                                              │  
  │                                                                                                                                                                              │  
  │                                                                                                                                                                              │  
  │                                                                                                                                                                              │  
  │                                                                                                                                                                              │  
  │                                                                                                                                                                              │  
  │                                                                                                                                                                              │  
  │                                                                                                                                                                              │  
  │                                                                                                                                                                              │  
  │                                                                                                                                                                              │  
  │                                                                                                                                                                              │  
  │                                                                                                                                                                              │  
  │                ████████████    ████      ████  ████████████      ████████████  ████████████████  ████                                                                        │  
  │                ████████████    ████      ████  ████████████      ████████████  ████████████████  ████                ╭─ GET STARTED ──────────────────────────╮              │  
  │              ████        ████  ████    ████    ████      ████  ████                  ████        ████                │connect                                 │              │  
  │              ████        ████  ████    ████    ████      ████  ████                  ████        ████                │  provider, distribution, credentials   │              │  
  │              ████        ████  ██████████      ████      ████  ████                  ████        ████                │cluster                                 │              │  
  │              ████        ████  ██████████      ████      ████  ████                  ████        ████                │  name, nodes, networking, resources    │              │  
  │              ████        ████  ████    ████    ████      ████  ████                  ████        ████                │extras                                  │              │  
  │              ████        ████  ████    ████    ████      ████  ████                  ████        ████                │  add-ons, files, advanced settings     │              │  
  │                ████████████    ████      ████  ████████████      ████████████        ████        ██████████████      │review                                  │              │  
  │                ████████████    ████      ████  ████████████      ████████████        ████        ██████████████      │  confirm changes, deploy               │              │  
  │                                                                                                                      │                                        │              │  
  │                                                          ▸ get started                                               │writes okdctl.yaml, ready to deploy     │              │  
  │                                                            quit                                                      ╰────────────────────────────────────────╯              │  
  │                                                                                                                                                                              │  
  │                                                                                                                                                                              │  
  │                                                                                                                                                                              │  
  │                                                                                                                                                                              │  
  │                                                                                                                                                                              │  
  │                                                                                                                                                                              │  
  │                                                                                                                                                                              │  
  │                                                                                                                                                                              │  
  │                                                                                                                                                                              │  
  │                                                                                                                                                                              │  
  │                                                                                                                                                                              │  
  │                                                                                                                                                                              │  
  │                                                                                                                                                                              │  
  │                                                                                                                                                                              │  
  │                                                                                                                                                                              │  
  │──────────────────────────────────────────────────────────────────────────────────────────────────────────────────────────────────────────────────────────────────────────────│  
  │  ↑↓ choose • enter start • ctrl+c quit • ? help                                                                                                                              │  
  ╰──────────────────────────────────────────────────────────────────────────────────────────────────────────────────────────────────────────────────────────────────────────────╯  
                                                                                                                                                                                    