                                                                                                                                                      
  ╭────────────────────────────────────────────────────────────────────────────────────────────────────────────────────────────────────────────────╮  
  │                                                                                                                                                │  
  │                                                                                                                                                │  
  │                                                                              ╭─ GET STARTED ──────────────────────────╮                        │  
  │                                                                              │connect                                 │                        │  
  │                         ██████  ██   ██ ██████   ██████ ████████ ██          │  provider, distribution, credentials   │                        │  
  │                        ██    ██ ██  ██  ██   ██ ██         ██    ██          │cluster                                 │                        │  
  │                        ██    ██ █████   ██   ██ ██         ██    ██          │  name, nodes, networking, resources    │                        │  
  │                        ██    ██ ██  ██  ██   ██ ██         ██    ██          │extras                                  │                        │  
  │                         ██████  ██   ██ ██████   ██████    ██    ███████     │  add-ons, files, advanced settings     │                        │  
  │                                                                              │review                                  │                        │  
  │                                           ▸ get started                      │  confirm changes, deploy               │                        │  
  │                                             quit                             │                                        │                        │  
  │                                                                              │writes okdctl.yaml, ready to deploy     │                        │  
  │                                                                              ╰────────────────────────────────────────╯                        │  
  │                                                                                                                                                │  
  │                                                                                                                                                │  
  │                                                                                                                                                │  
  │                                                                                                                                                │  
  │────────────────────────────────────────────────────────────────────────────────────────────────────────────────────────────────────────────────│  
  │  ↑↓ choose • enter start • ctrl+c quit • ? help                                                                                                │  
  ╰────────────────────────────────────────────────────────────────────────────────────────────────────────────────────────────────────────────────╯  
                                                                                                                                                      