                                                                                
  ╭──────────────────────────────────────────────────────────────────────────╮  
  │             ██████  ██   ██ ██████   ██████ ████████ ██                  │  
  │            ██    ██ ██  ██  ██   ██ ██         ██    ██                  │  
  │            ██    ██ █████   ██   ██ ██         ██    ██                  │  
  │            ██    ██ ██  ██  ██   ██ ██         ██    ██                  │  
  │             ██████  ██   ██ ██████   ██████    ██    ███████             │  
  │                                                                          │  
  │        prod-cluster · okd 4.20.1-okd-scos.7 · 6 nodes · deployed         │  
  │                                                                          │  
  │                           ▸ [d] deploy                                   │  
  │                             [e] edit config                              │  
  │                             [n] manage nodes                             │  
  │                             [s] cluster status                           │  
  │                                 destroy                                  │  
  │                           OPS · API reachable                            │  
  │                             Nodes 6/6 ready                              │  
  │                           Operators 0 degraded                           │  
  │                                                                          │  
  │                                                                          │  
  │───────────────────────────────────────────────── ▸ okd 4.20.1-okd-scos.7 │  
  │  ↑↓ choose • enter start • ctrl+c quit • ? help                          │  
  ╰──────────────────────────────────────────────────────────────────────────╯  
                                                                                