                                                                                                                                                                                    
  ╭──────────────────────────────────────────────────────────────────────────────────────────────────────────────────────────────────────────────────────────────────────────────╮  
  │                                                                                                                                                                              │  
  │                                                                                                                                                                              │  
  │                                                                                                                                                                              │  
  │                                                                                                                                                                              │  
  │                                                                                                                                                                              │  
  │                                                                                                                                                                              │  
  │                                                                                                                                                                              │  
  │                                                                                                                                                                              │  
  │                                                                                                                                                                              │  
  │                                                                                                                                                                              │  
  │                                       ████████████    ████      ████  ████████████      ████████████  ████████████████  ████                                                 │  
  │                                       ████████████    ████      ████  ████████████      ████████████  ████████████████  ████                                                 │  
  │                                     ████        ████  ████    ████    ████      ████  ████                  ████        ████                                                 │  
  │                                     ████        ████  ████    ████    ████      ████  ████                  ████        ████                                                 │  
  │                                     ████        ████  ██████████      ████      ████  ████                  ████        ████                                                 │  
  │                                     ████        ████  ██████████      ████      ████  ████                  ████        ████                                                 │  
  │                                     ████        ████  ████    ████    ████      ████  ████                  ████        ████                                                 │  
  │                                     ████        ████  ████    ████    ████      ████  ████                  ████        ████                                                 │  
  │                                       ████████████    ████      ████  ████████████      ████████████        ████        ██████████████                                       │  
  │                                       ████████████    ████      ████  ████████████      ████████████        ████        ██████████████                                       │  
  │                                                                                                                                                                              │  
  │                                                           prod-cluster · okd 4.20.1-okd-scos.7 · 6 nodes · deployed                                                          │  
  │                                                                                                                                                                              │  
  │                               ▸ [d] deploy            ╭─ LIVE OPERATIONS ────────────────────────────────────────────────────────────────────╮                               │  
  │                                 [e] edit config       │API reachable · 47ms                                                                  │                               │  
  │                                 [n] manage nodes      │Nodes 6/6 ready · 3 master · 3 worker                                                 │                               │  
  │                                 [s] cluster status    │Operators 0 degraded                                                                  │                               │  
  │                                     destroy           │Last recorded run prod-cluster · run-demo-123 · 2h ago                                │                               │  
  │                                                       │Updated 15:04:05 UTC                                                                  │                               │  
  │                                                       │s open full cluster status                                                            │                               │  
  │                                                       ╰──────────────────────────────────────────────────────────────────────────────────────╯                               │  
  │                                                                                                                                                                              │  
  │                                                                                                                                                                              │  
  │                                                                                                                                                                              │  
  │                                                                                                                                                                              │  
  │                                                                                                                                                                              │  
  │                                                                                                                                                                              │  
  │                                                                                                                                                                              │  
  │                                                                                                                                                                              │  
  │                                                                                                                                                                              │  
  │                                                                                                                                                                              │  
  │                                                                                                                                                                              │  
  │───────────────────────────────────────────────────────────────────────────────────────────────────────────────────────────────────────────────────── ▸ okd 4.20.1-okd-scos.7 │  
  │  ↑↓ choose • enter start • ctrl+c quit • ? help                                                                                                                              │  
  ╰──────────────────────────────────────────────────────────────────────────────────────────────────────────────────────────────────────────────────────────────────────────────╯  
                                                                                                                                                                                    