                                                                                                                                            
  ╭──────────────────────────────────────────────────────────────────────────────────────────────────────────────────────────────────────╮  
  │  prod-cluster · okd 4.20.1-okd-scos.7 · 6 nodes · deployed                                                                           │  
  │                                                                                                                                      │  
  │  CLUSTER OPERATIONS   updated 15:04 UTC                                                                                              │  
  │                                                                                                                                      │  
  │  ╭─ CLUSTER PHASE ─────────────╮  ╭─ API ───────────────────────╮  ╭─ NODES ─────────────────────╮  ╭─ OPERATORS ─────────────────╮  │  
  │  │Running                      │  │reachable                    │  │6/6 ready                    │  │0 degraded                   │  │  
  │  │lifecycle                    │  │API probe · 82ms ▁▄█·▅       │  │3 master · 3 worker          │  │1/1 add-ons healthy          │  │  
  │  ╰─────────────────────────────╯  ╰─────────────────────────────╯  ╰─────────────────────────────╯  ╰─────────────────────────────╯  │  
  │                                                                                                                                      │  
  │  ╭─ NODE FLEET ───────────────────────────────────────────────────────────────────────────────────────────────────────────────────╮  │  
  │  │Ready 6/6 · 3 master · 3 worker                                                                                                 │  │  
  │  │✓  homelab-master0   master · ready                                                                                             │  │  
  │  │✓  homelab-master1   master · ready                                                                                             │  │  
  │  │✓  homelab-master2   master · ready                                                                                             │  │  
  │  │✓  homelab-worker0   worker · ready                                                                                             │  │  
  │  │✓  homelab-worker1   worker · ready                                                                                             │  │  
  │  │✓  homelab-worker2   worker · ready                                                                                             │  │  
  │  ╰────────────────────────────────────────────────────────────────────────────────────────────────────────────────────────────────╯  │  
  │                                                                                                                                      │  
  │  ╭─ ADD-ONS & OPERATORS ──────────────────────────────────────────────────────────────────────────────────────────────────────────╮  │  
  │  │0 degraded operators · 1/1 enabled add-ons healthy                                                                              │  │  
  │  │✓  flux   healthy                                                                                                               │  │  
  │  │All operators healthy                                                                                                           │  │  
  │  ╰────────────────────────────────────────────────────────────────────────────────────────────────────────────────────────────────╯  │  
  │                                                                                                                                      │  
  │  ╭─ HUB ACTIONS ──────────────────────────────────────────────────────────────────────────────────────────────────────────────────╮  │  
  │  │▸ [d] deploy           apply the saved cluster configuration                                                                    │  │  
  │  │  [e] edit config      change cluster settings                                                                                  │  │  
  │  │  [n] manage nodes     add or remove cluster nodes                                                                              │  │  
  │  │  [s] cluster status   inspect live health details                                                                              │  │  
  │  │      destroy          remove cluster resources                                                                                 │  │  
  │  │↑↓ choose · enter open                                                                                                          │  │  
  │  ╰────────────────────────────────────────────────────────────────────────────────────────────────────────────────────────────────╯  │  
  │                                                                                                                                      │  
  │───────────────────────────────────────────────────────────────────────────────────────────────────────────── ▸ okd 4.20.1-okd-scos.7 │  
  │  ↑↓ choose • enter start • ctrl+c quit • ? help                                                                                      │  
  ╰──────────────────────────────────────────────────────────────────────────────────────────────────────────────────────────────────────╯  
                                                                                                                                            