okdctl theme preview · profile: no-color
ANSI styling: disabled
dark
role       sample
────────── ─────────────────────────
title      OKDCTL cluster identity
frame      +-- cluster overview --+
text       Proxmox production cluster
text-soft  api.lab.example
text-dim   3 nodes · ready
text-faint updated moments ago
subtle     ○ waiting
rule       ------------------------------
code       oc get nodes
success    ✓ healthy
warning    ⚠ attention
error      ✗ unavailable
info       update available
accent     ● active section

light
role       sample
────────── ─────────────────────────
title      OKDCTL cluster identity
frame      +-- cluster overview --+
text       Proxmox production cluster
text-soft  api.lab.example
text-dim   3 nodes · ready
text-faint updated moments ago
subtle     ○ waiting
rule       ------------------------------
code       oc get nodes
success    ✓ healthy
warning    ⚠ attention
error      ✗ unavailable
info       update available
accent     ● active section

high-contrast · dark background
role       sample
────────── ─────────────────────────
title      OKDCTL cluster identity
frame      +-- cluster overview --+
text       Proxmox production cluster
text-soft  api.lab.example
text-dim   3 nodes · ready
text-faint updated moments ago
subtle     ○ waiting
rule       ------------------------------
code       oc get nodes
success    ✓ healthy
warning    ⚠ attention
error      ✗ unavailable
info       update available
accent     ● active section

inherit · dark background
role       sample
────────── ─────────────────────────
title      OKDCTL cluster identity
frame      +-- cluster overview --+
text       Proxmox production cluster
text-soft  api.lab.example
text-dim   3 nodes · ready
text-faint updated moments ago
subtle     ○ waiting
rule       ------------------------------
code       oc get nodes
success    ✓ healthy
warning    ⚠ attention
error      ✗ unavailable
info       update available
accent     ● active section
