                                                                                                                                                      
  ╭────────────────────────────────────────────────────────────────────────────────────────────────────────────────────────────────────────────────╮  
  │ O K D C T L                                                                                                                                    │  
  │ configure proxmox ve connection                                                                        connect ✓✓● · cluster · extras · review │  
  │────────────────────────────────────────────────────────────────────────────────────────────────────────────────────────────────────────────────│  
  │                                                                                                        │  PROGRESS                             │  
  │    host                                                                                                │  ✓ welcome                            │  
  │    ╭──────────────────────────────────────────────────────────────────────────────────────╮            │  ✓ okd version                        │  
  │    │ 192.168.1.100:8006                                                                   │            │  ● proxmox configuration              │  
  │    ╰──────────────────────────────────────────────────────────────────────────────────────╯            │  ○ cluster basics                     │  
  │                                                                                                        │  ○ node placement                     │  
  │    ● credentials                                                                                       │  ○ network configuration              │  
  │                                                                                                        │  ○ node resources                     │  
  │    username                                          password                                          │  ○ cluster addons                     │  
  │    ╭────────────────────────────────────╮            ╭────────────────────────────────────╮            │  ○ files & ignition                   │  
  │    │ root@pam                           │ default    │ ·                                  │            │  ○ advanced settings                  │  
  │    ╰────────────────────────────────────╯            ╰────────────────────────────────────╯            │  ○ review & deploy                    │  
  │    proxmox username (user@realm)                                                                       │                                       │  
  │                                                                                                        │                                       │  
  │                                                                                                                                                │  
  │───────────────────────────────────────────── ↑ ↓  50% • scroll for more ────────────────────────────────────────────── ▸ okd 4.22.0-okd-scos.7 │  
  │  ↑↓/tab navigate • enter continue • esc back • pgup/pgdn scroll • ctrl+c quit • ? help                                                         │  
  ╰────────────────────────────────────────────────────────────────────────────────────────────────────────────────────────────────────────────────╯  
                                                                                                                                                      