                                                                                                                                                      
  ╭────────────────────────────────────────────────────────────────────────────────────────────────────────────────────────────────────────────────╮  
  │ O K D C T L                                                                                                                                    │  
  │ configure proxmox ve connection                                                                        connect ✓✓● · cluster · extras · review │  
  │────────────────────────────────────────────────────────────────────────────────────────────────────────────────────────────────────────────────│  
  │                                                                                                        │  PROGRESS                             │  
  │    ✓ connection                                                                                        │  ✓ welcome                            │  
  │                                                                                                        │  ✓ okd version                        │  
  │    host                                                                                                │  ● proxmox configuration              │  
  │    ╭──────────────────────────────────────────────────────────────╮                                    │  ○ cluster basics                     │  
  │    │ 192.168.1.100:8006                                           │                                    │  ○ node placement                     │  
  │    ╰──────────────────────────────────────────────────────────────╯                                    │  ○ network configuration              │  
  │                                                                                                        │  ○ node resources                     │  
  │    ● credentials                                                                                       │  ○ cluster addons                     │  
  │                                                                                                        │  ○ files & ignition                   │  
  │    username                                                                                            │  ○ advanced settings                  │  
  │    ╭──────────────────────────────────────────────────────────────╮                                    │  ○ review & deploy                    │  
  │    │ root@pam                                                     │ default                            │                                       │  
  │    ╰──────────────────────────────────────────────────────────────╯                                    │                                       │  
  │                                                                                                                                                │  
  │────────────────────────────────────────────── ↑ ↓  scroll down for more ────────────────────────────────────────────── ▸ okd 4.22.0-okd-scos.7 │  
  │  ↑↓/tab navigate • enter continue • esc back • pgup/pgdn scroll • ctrl+c quit • ? help                                                         │  
  ╰────────────────────────────────────────────────────────────────────────────────────────────────────────────────────────────────────────────────╯  
                                                                                                                                                      