                                                                                
  ╭──────────────────────────────────────────────────────────────────────────╮  
  │ O K D C T L                                                              │  
  │ configure cluster networking    connect · cluster ✓✓●○ · extras · review │  
  │──────────────────────────────────────────────────────────────────────────│  
  │    ● infrastructure network                                              │  
  │                                                                          │  
  │    machine cidr                                                          │  
  │    ╭────────────────────────────────────────────────────────╮            │  
  │    │ 999.999.1.0/99                                         │            │  
  │    ╰────────────────────────────────────────────────────────╯            │  
  │    ✗ invalid cidr format (e.g., 192.168.1.0/24)                          │  
  │                                                                          │  
  │    gateway                                                               │  
  │    ╭────────────────────────────────────────────────────────╮            │  
  │    │ 192.168.1.1                                            │            │  
  │    ╰────────────────────────────────────────────────────────╯            │  
  │    network gateway ip address                                            │  
  │                                                                          │  
  │                                                                          │  
  │─────────── ↑ ↓  3% • scroll for more ──────────── ▸ okd 4.22.0-okd-scos.7│  
  │  ↑↓/tab navigate • enter continue • esc back … • ctrl+c quit • ? help    │  
  ╰──────────────────────────────────────────────────────────────────────────╯  
                                                                                