                                                                                                    
  ╭──────────────────────────────────────────────────────────────────────────────────────────────╮  
  │ O K D C T L                                                                                  │  
  │ done                                                op · target · params · plan · run · done │  
  │──────────────────────────────────────────────────────────────────────────────────────────────│  
  │  ╭──────────────────────────────────────── ERROR ─────────────────────────────────────────╮  │  
  │  │                                                                                        │  │  
  │  │  ✗  resize failed                                                                      │  │  
  │  │                                                                                        │  │  
  │  │  etcd health gate (post-master0) failed: quorum lost                                   │  │  
  │  │                                                                                        │  │  
  │  │  → re-run the same operation to resume at the recorded step                            │  │  
  │  │                                                                                        │  │  
  │  ╰────────────────────────────────────────────────────────────────────────────────────────╯  │  
  │                                                                                              │  
  │                                                                                              │  
  │                                                                                              │  
  │                                                                                              │  
  │                                                                                              │  
  │                                                                                              │  
  │                                                                                              │  
  │                                                                                              │  
  │                                                                                              │  
  │                                                                                              │  
  │                                                                                              │  
  │                                                                                              │  
  │───────────────────────────────────────────────────────────────────────────────── ▸ mycluster │  
  │  enter exit                                                                                  │  
  ╰──────────────────────────────────────────────────────────────────────────────────────────────╯  
                                                                                                    