                                                                                                    
  ╭──────────────────────────────────────────────────────────────────────────────────────────────╮  
  │ O K D C T L                                                                                  │  
  │ done                                                                ●─●─●─●─●─●  step 6 of 6 │  
  │──────────────────────────────────────────────────────────────────────────────────────────────│  
  │  ╭───────────────────────────────────── NODE RESIZE ──────────────────────────────────────╮  │  
  │  │                                                                                        │  │  
  │  │  ✓ resize complete                                                                     │  │  
  │  │                                                                                        │  │  
  │  │    cluster ................................. homelab                                   │  │  
  │  │    elapsed ................................. 1m30s                                     │  │  
  │  │                                                                                        │  │  
  │  │  nodes                                                                                 │  │  
  │  │    homelab-master0 ......................... master  resized                           │  │  
  │  │                                                                                        │  │  
  │  │  next steps                                                                            │  │  
  │  │    each resized node was power-cycled to realize the change; verify with               │  │  
  │  │      'okdctl node list' or 'oc debug node/<name> -- free -m'                           │  │  
  │  │                                                                                        │  │  
  │  ╰────────────────────────────────────────────────────────────────────────────────────────╯  │  
  │                                                                                              │  
  │                                                                                              │  
  │                                                                                              │  
  │                                                                                              │  
  │                                                                                              │  
  │                                                                                              │  
  │───────────────────────────────────────────────────────────────────────────────── ▸ mycluster │  
  │  enter exit                                                                                  │  
  ╰──────────────────────────────────────────────────────────────────────────────────────────────╯  
                                                                                                    