                                                                                
  ╭──────────────────────────────────────────────────────────────────────────╮  
  │ O K D C T L                                                              │  
  │ resizing masters                op · target · params · plan · run · done │  
  │──────────────────────────────────────────────────────────────────────────│  
  │  resizing masters  1 / 3                                elapsed 30s      │  
  │  cancel requested — finishing the current terraform/oc call safely…      │  
  │  ● homelab-master0                                                       │  
  │      ✓ etcd health gate (pre)                                    0s      │  
  │      ✓ cordon + drain                                            0s      │  
  │      ⣾ terraform apply (in-place update)                        30s      │  
  │      ○ power-cycle vm                                                    │  
  │      ○ wait for node ready                                               │  
  │      ○ etcd health gate (post)                                           │  
  │      ○ uncordon + ceph health gate                                       │  
  │  ○ homelab-master1                                                       │  
  │  ○ homelab-master2                                                       │  
  │                                                                          │  
  │  marker okd-install/.okdctl-node-op.json · ctrl+c cancels after the      │  
  │                                                                          │  
  │───────────────── ↑ ↓  scroll down for more ───────────────── ▸ mycluster │  
  │  ctrl+c request graceful cancel (twice to force-quit) …                  │  
  ╰──────────────────────────────────────────────────────────────────────────╯  
                                                                                