                                                                                
  ╭──────────────────────────────────────────────────────────────────────────╮  
  │ O K D C T L                                                              │  
  │ operation parameters                                ●─●─●─○  step 3 of 4 │  
  │──────────────────────────────────────────────────────────────────────────│  
  │                                                                          │  
  │    ● sizing                                                              │  
  │                                                                          │  
  │    memory (mb) (per-node memory — current: 20480, 0 keeps current)       │  
  │    ╭────────────────────────────────────────────────────────────╮        │  
  │    │ > 20480                                                    │        │  
  │    ╰────────────────────────────────────────────────────────────╯        │  
  │                                                                          │  
  │    vcpus (per-node cpu cores — current: 8, 0 keeps current)              │  
  │    ╭────────────────────────────────────────────────────────────╮        │  
  │    │ > 0                                                        │        │  
  │    ╰────────────────────────────────────────────────────────────╯        │  
  │                                                                          │  
  │    os disk (gb) (per-node os disk — current: 50, grow-only, 0 keeps      │  
  │                                                                          │  
  │───────────────── ↑ ↓  scroll down for more ───────────────── ▸ mycluster │  
  │  ↑↓/tab navigate • ← → change value • enter continue • esc back …        │  
  ╰──────────────────────────────────────────────────────────────────────────╯  
                                                                                