                                                                                                    
  ╭──────────────────────────────────────────────────────────────────────────────────────────────╮  
  │ O K D C T L                                                                                  │  
  │ operation parameters                                op · target · params · plan · run · done │  
  │──────────────────────────────────────────────────────────────────────────────────────────────│  
  │                                                                                              │  
  │    ● sizing                                                                                  │  
  │                                                                                              │  
  │    memory (mb)                                                                               │  
  │    ╭──────────────────────────────╮                                                          │  
  │    │ 20480                        │                                                          │  
  │    ╰──────────────────────────────╯                                                          │  
  │    per-node memory — current: 20480, 0 keeps current                                         │  
  │                                                                                              │  
  │    vcpus                                                                                     │  
  │    ╭──────────────────────────────╮                                                          │  
  │    │ 0                            │                                                          │  
  │    ╰──────────────────────────────╯                                                          │  
  │                                                                                              │  
  │    os disk (gb)                                                                              │  
  │    ╭──────────────────────────────╮                                                          │  
  │    │ 0                            │                                                          │  
  │    ╰──────────────────────────────╯                                                          │  
  │                                                                                              │  
  │    ✓ disruption                                                                              │  
  │                                                                                              │  
  │─────────────────────────── ↑ ↓  scroll down for more ─────────────────────────── ▸ mycluster │  
  │  ↑↓/tab navigate • ← → change value • enter continue • esc back • pgup/pgdn scroll           │  
  ╰──────────────────────────────────────────────────────────────────────────────────────────────╯  
                                                                                                    