                                                                                                                        
  ╭──────────────────────────────────────────────────────────────────────────────────────────────────────────────────╮  
  │ O K D C T L                                                                                                      │  
  │ operation parameters                                                                        ●─●─●─○  step 3 of 4 │  
  │──────────────────────────────────────────────────────────────────────────────────────────────────────────────────│  
  │                                                                                                                  │  
  │    ● sizing                                                                                                      │  
  │                                                                                                                  │  
  │    memory (mb)                                                                                                   │  
  │    ╭──────────────────────────────╮                                                                              │  
  │    │ 20480                        │                                                                              │  
  │    ╰──────────────────────────────╯                                                                              │  
  │    per-node memory — current: 20480, 0 keeps current                                                             │  
  │                                                                                                                  │  
  │    vcpus                                                                                                         │  
  │    ╭──────────────────────────────╮                                                                              │  
  │    │ 0                            │                                                                              │  
  │    ╰──────────────────────────────╯                                                                              │  
  │                                                                                                                  │  
  │    os disk (gb)                                                                                                  │  
  │    ╭──────────────────────────────╮                                                                              │  
  │    │ 0                            │                                                                              │  
  │    ╰──────────────────────────────╯                                                                              │  
  │                                                                                                                  │  
  │    ✓ disruption                                                                                                  │  
  │                                                                                                                  │  
  │    drain mode                                                                                                    │  
  │    ╭────────────────────────────────────────╮                                                                    │  
  │    │ ◂ cordon + drain (default) ▸           │ default                                                            │  
  │    ╰────────────────────────────────────────╯                                                                    │  
  │                                                                                                                  │  
  │    drain timeout                                                                                                 │  
  │    ╭──────────────────────────────╮                                                                              │  
  │    │ 10m                          │                                                                              │  
  │    ╰──────────────────────────────╯                                                                              │  
  │                                                                                                                  │  
  │───────────────────────────────────── ↑ ↓  scroll down for more ───────────────────────────────────── ▸ mycluster │  
  │  ↑↓/tab navigate • ← → change value • enter continue • esc back • pgup/pgdn scroll                               │  
  ╰──────────────────────────────────────────────────────────────────────────────────────────────────────────────────╯  
                                                                                                                        