                                                                                                    
  ╭──────────────────────────────────────────────────────────────────────────────────────────────╮  
  │ O K D C T L                                                                                  │  
  │ okd over proxmox, the easy way                                           ●─●─●─○ step 3 of 4 │  
  │──────────────────────────────────────────────────────────────────────────────────────────────│  
  │  operation parameters                                                                        │  
  │                                                                                              │  
  │                                                                                              │  
  │    ● sizing                                                                                  │  
  │                                                                                              │  
  │    memory (mb) (per-node memory — current: 20480, 0 keeps current)                           │  
  │    ╭────────────────────────────────────────────────────────────────────────────────╮        │  
  │    │ > 20480                                                                        │        │  
  │    ╰────────────────────────────────────────────────────────────────────────────────╯        │  
  │                                                                                              │  
  │    vcpus (per-node cpu cores — current: 8, 0 keeps current)                                  │  
  │    ╭────────────────────────────────────────────────────────────────────────────────╮        │  
  │    │ > 0                                                                            │        │  
  │    ╰────────────────────────────────────────────────────────────────────────────────╯        │  
  │                                                                                              │  
  │    os disk (gb) (per-node os disk — current: 50, grow-only, 0 keeps current; disk-only       │  
  │  resizes are live (no power-cycle))                                                          │  
  │    ╭────────────────────────────────────────────────────────────────────────────────╮        │  
  │    │ > 0                                                                            │        │  
  │    ╰────────────────────────────────────────────────────────────────────────────────╯        │  
  │                                                                                              │  
  │───────────────────────────────── ↑ ↓  scroll down for more ───────────────────── ▸ mycluster │  
  │   ↑↓/tab  navigate    ← →  change value    enter  continue    esc  back                      │  
  ╰──────────────────────────────────────────────────────────────────────────────────────────────╯  
                                                                                                    