                                                                                                                        
  ╭──────────────────────────────────────────────────────────────────────────────────────────────────────────────────╮  
  │ O K D C T L                                                                                                      │  
  │ review the plan                                                         op · target · params · plan · run · done │  
  │──────────────────────────────────────────────────────────────────────────────────────────────────────────────────│  
  │  dry-run failed                                                                                                  │  
  │                                                                                                                  │  
  │  plan safety gate refused the change                                                                             │  
  │                                                                                                                  │  
  │  esc to go back and adjust                                                                                       │  
  │                                                                                                                  │  
  │                                                                                                                  │  
  │                                                                                                                  │  
  │                                                                                                                  │  
  │                                                                                                                  │  
  │                                                                                                                  │  
  │                                                                                                                  │  
  │                                                                                                                  │  
  │                                                                                                                  │  
  │                                                                                                                  │  
  │                                                                                                                  │  
  │                                                                                                                  │  
  │                                                                                                                  │  
  │                                                                                                                  │  
  │                                                                                                                  │  
  │                                                                                                                  │  
  │                                                                                                                  │  
  │                                                                                                                  │  
  │                                                                                                                  │  
  │                                                                                                                  │  
  │                                                                                                                  │  
  │                                                                                                                  │  
  │                                                                                                                  │  
  │                                                                                                                  │  
  │                                                                                                                  │  
  │                                                                                                                  │  
  │───────────────────────────────────────────────────────────────────────────────────────────────────── ▸ mycluster │  
  │  ←/→ choose • enter confirm • esc back • ctrl+c quit                                                             │  
  ╰──────────────────────────────────────────────────────────────────────────────────────────────────────────────────╯  
                                                                                                                        