                                                                                                    
  ╭──────────────────────────────────────────────────────────────────────────────────────────────╮  
  │ O K D C T L                                                                                  │  
  │ review the plan                                     op · target · params · plan · run · done │  
  │──────────────────────────────────────────────────────────────────────────────────────────────│  
  │  ⣾  running guards and the terraform plan gate (dry-run)...                                  │  
  │                                                                                              │  
  │                                                                                              │  
  │                                                                                              │  
  │                                                                                              │  
  │                                                                                              │  
  │                                                                                              │  
  │                                                                                              │  
  │                                                                                              │  
  │                                                                                              │  
  │                                                                                              │  
  │                                                                                              │  
  │                                                                                              │  
  │                                                                                              │  
  │                                                                                              │  
  │                                                                                              │  
  │                                                                                              │  
  │                                                                                              │  
  │                                                                                              │  
  │                                                                                              │  
  │                                                                                              │  
  │───────────────────────────────────────────────────────────────────────────────── ▸ mycluster │  
  │  ctrl+c quit                                                                                 │  
  ╰──────────────────────────────────────────────────────────────────────────────────────────────╯  
                                                                                                    