                                                                                
  ╭──────────────────────────────────────────────────────────────────────────╮  
  │ O K D C T L                                                              │  
  │ which nodes should be resized?                      ●─●─○─○  step 2 of 4 │  
  │──────────────────────────────────────────────────────────────────────────│  
  │  ● masters — all 1 control-plane nodes                                   │  
  │    │ rolled one at a time; etcd-gated before and after every node        │  
  │    │                                                                     │  
  │  ○ workers — all 1 worker nodes                                          │  
  │    │ rolled one at a time; no etcd gate                                  │  
  │    ┌────────────────────                                                 │  
  │    │ ○ homelab-master0        master   ready                             │  
  │    │   │                                                                 │  
  │    │ ○ homelab-worker0        worker   ready                             │  
  │    └────────────────────                                                 │  
  │                                                                          │  
  │                                                                          │  
  │                                                                          │  
  │                                                                          │  
  │                                                                          │  
  │─────────────────────────────────────────────────────────────── ▸ homelab │  
  │   ↑↓  select    enter  confirm    esc  back    ctrl+c  quit              │  
  ╰──────────────────────────────────────────────────────────────────────────╯  
                                                                                