                                                                                                                                                      
  ╭────────────────────────────────────────────────────────────────────────────────────────────────────────────────────────────────────────────────╮  
  │ O K D C T L                                                                                                                                    │  
  │ worker to remove                                                                                      op · target · params · plan · run · done │  
  │────────────────────────────────────────────────────────────────────────────────────────────────────────────────────────────────────────────────│  
  │    NODE             ROLE    READY                                                                      │  PROGRESS                             │  
  │  ● homelab-worker2  worker  ✓ ready                                                                    │  ✓ operation                          │  
  │  ↷ homelab-worker1  worker  blocked until homelab-worker2 is removed                                   │  ● target                             │  
  │  ↷ homelab-worker0  worker  blocked until homelab-worker2 is removed                                   │  ○ parameters                         │  
  │                                                                                                        │  ○ plan preview                       │  
  │                                                                                                        │                                       │  
  │                                                                                                        │                                       │  
  │                                                                                                        │                                       │  
  │                                                                                                        │                                       │  
  │                                                                                                        │                                       │  
  │                                                                                                        │                                       │  
  │                                                                                                        │                                       │  
  │                                                                                                        │                                       │  
  │                                                                                                        │                                       │  
  │                                                                                                        │                                       │  
  │                                                                                                        │                                       │  
  │                                                                                                        │                                       │  
  │                                                                                                        │                                       │  
  │                                                                                                        │                                       │  
  │                                                                                                        │                                       │  
  │                                                                                                        │                                       │  
  │                                                                                                        │                                       │  
  │                                                                                                        │                                       │  
  │                                                                                                        │                                       │  
  │                                                                                                        │                                       │  
  │                                                                                                        │                                       │  
  │                                                                                                        │                                       │  
  │                                                                                                        │                                       │  
  │                                                                                                        │                                       │  
  │                                                                                                        │                                       │  
  │                                                                                                        │                                       │  
  │                                                                                                        │                                       │  
  │                                                                                                        │                                       │  
  │                                                                                                        │                                       │  
  │                                                                                                        │                                       │  
  │                                                                                                                                                │  
  │───────────────────────────────────────────────────────────────────────────────────────────────────────────────────────────────────── ▸ homelab │  
  │  ↑↓ select • enter confirm • esc back • ctrl+c quit • ? help                                                                                   │  
  ╰────────────────────────────────────────────────────────────────────────────────────────────────────────────────────────────────────────────────╯  
                                                                                                                                                      