                                                                                
  ╭──────────────────────────────────────────────────────────────────────────╮  
  │ O K D C T L                                                              │  
  │ configure cluster addons         connect · cluster · extras ●○○ · review │  
  │──────────────────────────────────────────────────────────────────────────│  
  │    ╰────────────────╯                                                    │  
  │                                                                          │  
  │      repository settings appear when enabled.                            │  
  │                                                                          │  
  │    ● secret store (common)                                               │  
  │      supports onepassword, vault, and bitwarden via external-secrets-    │  
  │      operator                                                            │  
  │                                                                          │  
  │    enabled                                                               │  
  │    ╭────────────────╮                                                    │  
  │    │ ● no  ○ yes    │                                                    │  
  │    ╰────────────────╯                                                    │  
  │    bootstrap eso provider credentials and secretstore crd                │  
  │                                                                          │  
  │                                                                          │  
  │─────────── ↑ ↓  75% • scroll for more ─────────── ▸ okd 4.22.0-okd-scos.7│  
  │  ↑↓/tab navigate • enter continue • esc back … • ctrl+c quit • ? help    │  
  ╰──────────────────────────────────────────────────────────────────────────╯  
                                                                                