                                                                                
  ╭──────────────────────────────────────────────────────────────────────────╮  
  │ O K D C T L                                                              │  
  │ configure cluster addons         connect · cluster · extras ●○○ · review │  
  │──────────────────────────────────────────────────────────────────────────│  
  │                                                                          │  
  │    ● gitops (flux)                                                       │  
  │      requires: ssh deploy key at ~/.ssh/flux-deploy-key                  │  
  │                                                                          │  
  │    enabled                                                               │  
  │    ╭────────────────╮                                                    │  
  │    │ ● no  ○ yes    │                                                    │  
  │    ╰────────────────╯                                                    │  
  │    enable gitops deployment                                              │  
  │                                                                          │  
  │    repository                                                            │  
  │    ╭──────────────────────────────────────────────────────────────╮      │  
  │    │ ·                                                            │      │  
  │    ╰──────────────────────────────────────────────────────────────╯      │  
  │                                                                          │  
  │─────────── ↑ ↓  scroll down for more ─────────── ▸ okd 4.22.0-okd-scos.7 │  
  │  ↑↓/tab navigate • enter continue • esc back … • ctrl+c quit • ? help    │  
  ╰──────────────────────────────────────────────────────────────────────────╯  
                                                                                