                                                                                                                        
  ╭──────────────────────────────────────────────────────────────────────────────────────────────────────────────────╮  
  │ O K D C T L                                                                                                      │  
  │ okd over proxmox, the easy way                                                ●─●─●─●─●─●─●─●─○─○─○ step 8 of 11 │  
  │──────────────────────────────────────────────────────────────────────────────────────────────────────────────────│  
  │  configure cluster addons                                                                                        │  
  │                                                                                                                  │  
  │    ✓ gitops (flux)                                                                                               │  
  │                                                                                                                  │  
  │    enabled: no                                                                                                   │  
  │                                                                                                                  │  
  │    ● secret store (common)                                                                                       │  
  │                                                                                                                  │  
  │    enabled (bootstrap eso provider credentials and secretstore crd)                                              │  
  │    ╭────────────────────────────────────────────────────────────────────────────────────────────────────╮        │  
  │    │ ◂ no ▸                                                                                             │        │  
  │    ╰────────────────────────────────────────────────────────────────────────────────────────────────────╯        │  
  │                                                                                                                  │  
  │                                                                                                                  │  
  │                                                                                                                  │  
  │                                                                                                                  │  
  │                                                                                                                  │  
  │                                                                                                                  │  
  │                                                                                                                  │  
  │                                                                                                                  │  
  │                                                                                                                  │  
  │                                                                                                                  │  
  │                                                                                                                  │  
  │                                                                                                                  │  
  │                                                                                                                  │  
  │                                                                                                                  │  
  │                                                                                                                  │  
  │                                                                                                                  │  
  │                                                                                                                  │  
  │                                                                                                                  │  
  │                                                                                                                  │  
  │───────────────────────────────────────────────────────────────────────────────────────── ▸ okd 4.22.0-okd-scos.7 │  
  │   ←→  change    ↑↓/tab  navigate    enter  continue    esc  back                                                 │  
  ╰──────────────────────────────────────────────────────────────────────────────────────────────────────────────────╯  
                                                                                                                        