                                                                                
  ╭──────────────────────────────────────────────────────────────────────────╮  
  │ O K D C T L                                                              │  
  │ configure cluster addons             ●─●─●─●─●─●─●─●─○─○─○  step 8 of 11 │  
  │──────────────────────────────────────────────────────────────────────────│  
  │                                                                          │  
  │    ● gitops (flux)                                                       │  
  │      requires: ssh deploy key at ~/.ssh/flux-deploy-key                  │  
  │                                                                          │  
  │    enabled (enable gitops deployment)                                    │  
  │    ╭────────────────────────────────────────────────────────────╮        │  
  │    │ > no                                                       │        │  
  │    ╰────────────────────────────────────────────────────────────╯        │  
  │                                                                          │  
  │    repository (git repository url (e.g.,                                 │  
  │  ssh://git@github.com/org/repo.git))                                     │  
  │    ╭────────────────────────────────────────────────────────────╮        │  
  │    │ >                                                          │        │  
  │    ╰────────────────────────────────────────────────────────────╯        │  
  │                                                                          │  
  │─────────────────────── ↑ ↓  scroll down for more ─── ▸ okd 4.22.0-okd-   │  
  │scos.7                                                                    │  
  │   ↑↓/tab  navigate    enter  continue    esc  back                       │  
  ╰──────────────────────────────────────────────────────────────────────────╯  
                                                                                