                                                                                                    
  ╭──────────────────────────────────────────────────────────────────────────────────────────────╮  
  │ O K D C T L                                                                                  │  
  │ okd over proxmox, the easy way                           ●─●─●─●─●─●─●─●─●─●─○ step 10 of 11 │  
  │──────────────────────────────────────────────────────────────────────────────────────────────│  
  │  advanced settings                                                                           │  
  │                                                                                              │  
  │                                                                                              │  
  │    ● vm settings                                                                             │  
  │                                                                                              │  
  │    vm id base (starting vm id in proxmox (e.g., 6000, 6001, ...))                            │  
  │    ╭────────────────────────────────────────────────────────────────────────────────╮        │  
  │    │ > 6000                                                                         │        │  
  │    ╰────────────────────────────────────────────────────────────────────────────────╯        │  
  │                                                                                              │  
  │    ✓ proxmox vm settings                                                                     │  
  │                                                                                              │  
  │    cpu type (host gives best performance, x86-64-v2 or kvm64 allow live migration)           │  
  │    ╭────────────────────────────────────────────────────────────────────────────────╮        │  
  │    │ > host                                                                         │        │  
  │    ╰────────────────────────────────────────────────────────────────────────────────╯        │  
  │                                                                                              │  
  │    enable numa (enable numa topology for vms — improves performance on multi-socket hosts)   │  
  │    ╭────────────────────────────────────────────────────────────────────────────────╮        │  
  │    │ > no                                                                           │        │  
  │                                                                                              │  
  │───────────────────────────────── ↑ ↓  scroll down for more ───────── ▸ okd 4.22.0-okd-scos.7 │  
  │   ↑↓/tab  navigate    enter  continue    esc  back                                           │  
  ╰──────────────────────────────────────────────────────────────────────────────────────────────╯  
                                                                                                    