                                                                                
  ╭──────────────────────────────────────────────────────────────────────────╮  
  │ O K D C T L                                                              │  
  │ advanced settings                   ●─●─●─●─●─●─●─●─●─●─○  step 10 of 11 │  
  │──────────────────────────────────────────────────────────────────────────│  
  │                                                                          │  
  │    ✓ vm settings                                                         │  
  │                                                                          │  
  │    vm id base                                                            │  
  │    ╭──────────╮                                                          │  
  │    │ 6000     │                                                          │  
  │    ╰──────────╯                                                          │  
  │                                                                          │  
  │    ● proxmox vm settings                                                 │  
  │                                                                          │  
  │    cpu type (host gives best performance, x86-64-v2 or kvm64 allow live  │  
  │  migration)                                                              │  
  │    ╭────────────────────────────────────────────────────────────╮        │  
  │    │ ◂ host ▸                                                   │        │  
  │                                                                          │  
  │─────────── ↑ ↓  scroll down for more ─────────── ▸ okd 4.22.0-okd-scos.7 │  
  │  ↑↓/tab navigate • enter continue • esc back • pgup/pgdn scroll          │  
  ╰──────────────────────────────────────────────────────────────────────────╯  
                                                                                