                                                                                                                        
  ╭──────────────────────────────────────────────────────────────────────────────────────────────────────────────────╮  
  │ O K D C T L                                                                                                      │  
  │ advanced settings                                                           ●─●─●─●─●─●─●─●─●─●─○  step 10 of 11 │  
  │──────────────────────────────────────────────────────────────────────────────────────────────────────────────────│  
  │                                                                                                                  │  
  │    ✓ vm settings                                                                                                 │  
  │                                                                                                                  │  
  │    vm id base                                                                                                    │  
  │    ╭──────────╮                                                                                                  │  
  │    │ 6000     │                                                                                                  │  
  │    ╰──────────╯                                                                                                  │  
  │                                                                                                                  │  
  │    ● proxmox vm settings                                                                                         │  
  │                                                                                                                  │  
  │    cpu type (host gives best performance, x86-64-v2 or kvm64 allow live migration)                               │  
  │    ╭────────────────────────────────────────────────────────────────────────────────────────────────────╮        │  
  │    │ ◂ host ▸                                                                                           │        │  
  │    ╰────────────────────────────────────────────────────────────────────────────────────────────────────╯        │  
  │                                                                                                                  │  
  │    enable numa (enable numa topology for vms — improves performance on multi-socket hosts)                       │  
  │    ╭────────────────────────────────────────────────────────────────────────────────────────────────────╮        │  
  │    │ > no                                                                                               │        │  
  │    ╰────────────────────────────────────────────────────────────────────────────────────────────────────╯        │  
  │                                                                                                                  │  
  │    enable ha anti-affinity (spread master vms across proxmox nodes via ha-manager anti-affinity — requires pve   │  
  │  9+ and a multi-node pve cluster (a single host cannot satisfy the anti-affinity rule); once enabled, ha         │  
  │  supersedes the per-vm startup{} ordering on any ha-triggered relocation)                                        │  
  │    ╭────────────────────────────────────────────────────────────────────────────────────────────────────╮        │  
  │    │ > no                                                                                               │        │  
  │    ╰────────────────────────────────────────────────────────────────────────────────────────────────────╯        │  
  │                                                                                                                  │  
  │    ○ clock synchronization                                                                                       │  
  │                                                                                                                  │  
  │    ntp server                                                                                                    │  
  │                                                                                                                  │  
  │─────────────────────────────── ↑ ↓  scroll down for more ─────────────────────────────── ▸ okd 4.22.0-okd-scos.7 │  
  │  ↑↓/tab navigate • enter continue • esc back • pgup/pgdn scroll                                                  │  
  ╰──────────────────────────────────────────────────────────────────────────────────────────────────────────────────╯  
                                                                                                                        