                                                                                                    
  ╭──────────────────────────────────────────────────────────────────────────────────────────────╮  
  │ O K D C T L                                                                                  │  
  │ configure your cluster basics                            ●─●─●─●─○─○─○─○─○─○─○  step 4 of 11 │  
  │──────────────────────────────────────────────────────────────────────────────────────────────│  
  │                                                                                              │  
  │    ● cluster identity                                                                        │  
  │                                                                                              │  
  │    cluster name                                                                              │  
  │    ╭──────────────────────────────╮                                                          │  
  │    │ mycluster                    │                                                          │  
  │    ╰──────────────────────────────╯                                                          │  
  │    lowercase letters, numbers, and hyphens only                                              │  
  │                                                                                              │  
  │    domain                                                                                    │  
  │    ╭──────────────────────────────╮                                                          │  
  │    │ k8s.local                    │                                                          │  
  │    ╰──────────────────────────────╯                                                          │  
  │                                                                                              │  
  │    ✓ node topology                                                                           │  
  │                                                                                              │  
  │    control plane                                                                             │  
  │    ╭──────────╮                                                                              │  
  │    │ ◂ 3 ▸    │                                                                              │  
  │    ╰──────────╯                                                                              │  
  │                                                                                              │  
  │───────────────────── ↑ ↓  scroll down for more ───────────────────── ▸ okd 4.22.0-okd-scos.7 │  
  │  ↑↓/tab navigate • enter continue • esc back • pgup/pgdn scroll                              │  
  ╰──────────────────────────────────────────────────────────────────────────────────────────────╯  
                                                                                                    