                                                                                      
  ╭────────────────────────────────────────────────────────────────────────────────╮  
  │ O K D C T L                                                                    │  
  │ okd over proxmox, the easy way        ●─●─●─●─●─●─●─●─●─○─○ step 9 of 11       │  
  │──────────────────────────────────────────────────────────────────────────      │  
  │  configure files & ignition server                                             │  
  │                                                                                │  
  │                                                                                │  
  │    ● required files                                                            │  
  │                                                                                │  
  │    pull secret (path to okd pull-secret.json from red hat)                     │  
  │    ╭────────────────────────────────────────────────────────────╮              │  
  │    │ > ~/pull-secret.json                                       │              │  
  │    ╰────────────────────────────────────────────────────────────╯              │  
  │    ✗ this field is required                                                    │  
  │                                                                                │  
  │    ssh public key (path to ssh public key for node access)                     │  
  │    ╭────────────────────────────────────────────────────────────╮              │  
  │    │ > ~/.ssh/id_ed25519.pub                                    │              │  
  │    ╰────────────────────────────────────────────────────────────╯              │  
  │─────────────────────── ↑ ↓  scroll down for more ─── ▸ okd 4.22.0-okd-scos.7   │  
  │   ↑↓/tab  navigate    enter  continue    esc  back                             │  
  ╰────────────────────────────────────────────────────────────────────────────────╯  
                                                                                      