                                                                                                                        
  ╭──────────────────────────────────────────────────────────────────────────────────────────────────────────────────╮  
  │ O K D C T L                                                                                                      │  
  │ configure files & ignition server                                            ●─●─●─●─●─●─●─●─●─○─○  step 9 of 11 │  
  │──────────────────────────────────────────────────────────────────────────────────────────────────────────────────│  
  │                                                                                                                  │  
  │    ● required files                                                                                              │  
  │                                                                                                                  │  
  │    pull secret                                                                                                   │  
  │    ╭──────────────────────────────────────────────────────╮                                                      │  
  │    │ ~/pull-secret.json                                   │                                                      │  
  │    ╰──────────────────────────────────────────────────────╯                                                      │  
  │    path to okd pull-secret.json from red hat                                                                     │  
  │                                                                                                                  │  
  │    ssh public key                                                                                                │  
  │    ╭──────────────────────────────────────────────────────╮                                                      │  
  │    │ ~/.ssh/id_ed25519.pub                                │                                                      │  
  │    ╰──────────────────────────────────────────────────────╯                                                      │  
  │                                                                                                                  │  
  │    ✓ ignition server                                                                                             │  
  │                                                                                                                  │  
  │    web root                                                                                                      │  
  │    ╭──────────────────────────────────────────────────────╮                                                      │  
  │    │ /var/www/html                                        │                                                      │  
  │    ╰──────────────────────────────────────────────────────╯                                                      │  
  │                                                                                                                  │  
  │                                                                                                                  │  
  │  ╭─ notes ────────────────────────────────────────────────────────────────────────────────────────────────────╮  │  
  │  │pull secret: get from https://cloud.redhat.com/openshift/install/pull-secret                                │  │  
  │  │ignition server runs on bastion — ip is derived from networking step.                                       │  │  
  │  ╰────────────────────────────────────────────────────────────────────────────────────────────────────────────╯  │  
  │                                                                                                                  │  
  │                                                                                                                  │  
  │                                                                                                                  │  
  │                                                                                                                  │  
  │                                                                                                                  │  
  │───────────────────────────────────────────────────────────────────────────────────────── ▸ okd 4.22.0-okd-scos.7 │  
  │  ↑↓/tab navigate • enter continue • esc back                                                                     │  
  ╰──────────────────────────────────────────────────────────────────────────────────────────────────────────────────╯  
                                                                                                                        