                                                                                
  ╭──────────────────────────────────────────────────────────────────────────╮  
  │ O K D C T L                                                              │  
  │ configure files & ignition server    ●─●─●─●─●─●─●─●─●─○─○  step 9 of 11 │  
  │──────────────────────────────────────────────────────────────────────────│  
  │                                                                          │  
  │    ● required files                                                      │  
  │                                                                          │  
  │    pull secret                                                           │  
  │    ╭──────────────────────────────────────────────────────╮              │  
  │    │ ~/pull-secret.json                                   │              │  
  │    ╰──────────────────────────────────────────────────────╯              │  
  │    ✗ this field is required                                              │  
  │                                                                          │  
  │    ssh public key                                                        │  
  │    ╭──────────────────────────────────────────────────────╮              │  
  │    │ ~/.ssh/id_ed25519.pub                                │              │  
  │    ╰──────────────────────────────────────────────────────╯              │  
  │    ✗ this field is required                                              │  
  │                                                                          │  
  │─────────── ↑ ↓  scroll down for more ─────────── ▸ okd 4.22.0-okd-scos.7 │  
  │  ↑↓/tab navigate • enter continue • esc back • pgup/pgdn scroll          │  
  ╰──────────────────────────────────────────────────────────────────────────╯  
                                                                                