                                                                                                    
  ╭──────────────────────────────────────────────────────────────────────────────────────────────╮  
  │                                                                                              │  
  │                                                                                              │  
  │                                                                                              │  
  │                                                                                              │  
  │                                                                                              │  
  │                       ██████  ██   ██ ██████   ██████ ████████ ██                            │  
  │                      ██    ██ ██  ██  ██   ██ ██         ██    ██                            │  
  │                      ██    ██ █████   ██   ██ ██         ██    ██                            │  
  │                      ██    ██ ██  ██  ██   ██ ██         ██    ██                            │  
  │                       ██████  ██   ██ ██████   ██████    ██    ███████                       │  
  │                                                                                              │  
  │                  prod-cluster · okd 4.20.1-okd-scos.7 · 6 nodes · deployed                   │  
  │                                                                                              │  
  │                                       [d] deploy                                             │  
  │                                     ▸ [e] edit config                                        │  
  │                                       [n] manage nodes                                       │  
  │                                       [s] cluster status                                     │  
  │                                           destroy                                            │  
  │                                                                                              │  
  │                                                                                              │  
  │                                                                                              │  
  │                                                                                              │  
  │                                                                                              │  
  │                                                                                              │  
  │───────────────────────────────────────────────────────────────────── ▸ okd 4.20.1-okd-scos.7 │  
  │  ↑↓ choose • enter start • ctrl+c quit • ? help                                              │  
  ╰──────────────────────────────────────────────────────────────────────────────────────────────╯  
                                                                                                    