                                                                                                                        
  ╭──────────────────────────────────────────────────────────────────────────────────────────────────────────────╮      
  │                                                                                                              │      
  │                                                                                                              │      
  │                                                                                                              │      
  │                                                                                                              │      
  │                                                                                                              │      
  │                                                                                                              │      
  │                                                                                                              │      
  │       ████████████    ████      ████  ████████████      ████████████  ████████████████  ████                 │      
  │       ████████████    ████      ████  ████████████      ████████████  ████████████████  ████                 │      
  │     ████        ████  ████    ████    ████      ████  ████                  ████        ████                 │      
  │     ████        ████  ████    ████    ████      ████  ████                  ████        ████                 │      
  │     ████        ████  ██████████      ████      ████  ████                  ████        ████                 │      
  │     ████        ████  ██████████      ████      ████  ████                  ████        ████                 │      
  │     ████        ████  ████    ████    ████      ████  ████                  ████        ████                 │      
  │     ████        ████  ████    ████    ████      ████  ████                  ████        ████                 │      
  │       ████████████    ████      ████  ████████████      ████████████        ████        ██████████████       │      
  │       ████████████    ████      ████  ████████████      ████████████        ████        ██████████████       │      
  │                                                                                                              │      
  │                           prod-cluster · okd 4.20.1-okd-scos.7 · 6 nodes · deployed                          │      
  │                                                                                                              │      
  │                                               ▸ deploy                                                       │      
  │                                                 edit config                                                  │      
  │                                                 manage nodes                                                 │      
  │                                                 cluster status                                               │      
  │                                                 destroy                                                      │      
  │                                                                                                              │      
  │                                                                                                              │      
  │                                                                                                              │      
  │                                                                                                              │      
  │                                                                                                              │      
  │                                                                                                              │      
  │                                                                                                              │      
  │                                                                                                              │      
  │                                                                                                              │      
  │───────────────────────────────────────────────────────────────────────────────────── ▸ okd 4.20.1-okd-scos.7 │      
  │  ↑↓ choose • enter start • ctrl+c quit • ? help                                                              │      
  ╰──────────────────────────────────────────────────────────────────────────────────────────────────────────────╯      
                                                                                                                        