                                                                                                                        
  ╭──────────────────────────────────────────────────────────────────────────────────────────────────────────────────╮  
  │                                                                                                                  │  
  │                                                                                                                  │  
  │                                                                                                                  │  
  │                                                                                                                  │  
  │                                                                                                                  │  
  │                                                                                                                  │  
  │                                                                                                                  │  
  │                                                                                                                  │  
  │                                                                                                                  │  
  │                                                                                                                  │  
  │         ████████████    ████      ████  ████████████      ████████████  ████████████████  ████                   │  
  │         ████████████    ████      ████  ████████████      ████████████  ████████████████  ████                   │  
  │       ████        ████  ████    ████    ████      ████  ████                  ████        ████                   │  
  │       ████        ████  ████    ████    ████      ████  ████                  ████        ████                   │  
  │       ████        ████  ██████████      ████      ████  ████                  ████        ████                   │  
  │       ████        ████  ██████████      ████      ████  ████                  ████        ████                   │  
  │       ████        ████  ████    ████    ████      ████  ████                  ████        ████                   │  
  │       ████        ████  ████    ████    ████      ████  ████                  ████        ████                   │  
  │         ████████████    ████      ████  ████████████      ████████████        ████        ██████████████         │  
  │         ████████████    ████      ████  ████████████      ████████████        ████        ██████████████         │  
  │                                                                                                                  │  
  │                                                   ▸ get started                                                  │  
  │                                                     quit                                                         │  
  │                                                                                                                  │  
  │                                                                                                                  │  
  │                                                                                                                  │  
  │                                                                                                                  │  
  │                                                                                                                  │  
  │                                                                                                                  │  
  │                                                                                                                  │  
  │                                                                                                                  │  
  │                                                                                                                  │  
  │                                                                                                                  │  
  │                                                                                                                  │  
  │──────────────────────────────────────────────────────────────────────────────────────────────────────────────────│  
  │  ↑↓ choose • enter start • ctrl+c quit • ? help                                                                  │  
  ╰──────────────────────────────────────────────────────────────────────────────────────────────────────────────────╯  
                                                                                                                        