                                                                                                                        
  ╭──────────────────────────────────────────────────────────────────────────────────────────────────────────────╮      
  │ O K D C T L                                                                                                  │      
  │ configure proxmox infrastructure                                    connect · cluster ●●○○ · extras · review │      
  │──────────────────────────────────────────────────────────────────────────────────────────────────────────────│      
  │    discovered 2 node(s), 3 storage pool(s), 2 bridge(s)                                                      │      
  │                                                                                                              │      
  │                                                                                                              │      
  │    ● infrastructure                                                                                          │      
  │                                                                                                              │      
  │    bridge                                                                                                    │      
  │    ╭────────────╮                                                                                            │      
  │    │ ◂ vmbr0 ▸  │                                                                                            │      
  │    ╰────────────╯                                                                                            │      
  │                                                                                                              │      
  │    additional networks                                                                                       │      
  │    ╭────────────────────────────────────────────────────────────────────────────────────────────────────╮    │      
  │    │ > [ ] vmbr0    [ ] vmbr1                                                                           │    │      
  │    ╰────────────────────────────────────────────────────────────────────────────────────────────────────╯    │      
  │    extra bridges to attach to all vms — leave empty for none                                                 │      
  │                                                                                                              │      
  │    os storage                                                                                                │      
  │    ╭───────────────╮                                                                                         │      
  │    │ ◂ local-lvm ▸ │                                                                                         │      
  │    ╰───────────────╯                                                                                         │      
  │                                                                                                              │      
  │    data storage                                                                                              │      
  │    ╭───────────────╮                                                                                         │      
  │    │ ◂ local-lvm ▸ │                                                                                         │      
  │    ╰───────────────╯                                                                                         │      
  │                                                                                                              │      
  │    iso storage                                                                                               │      
  │    ╭────────────╮                                                                                            │      
  │    │ local      │                                                                                            │      
  │    ╰────────────╯                                                                                            │      
  │                                                                                                              │      
  │───────────────────────────── ↑ ↓  scroll down for more ───────────────────────────── ▸ okd 4.22.0-okd-scos.7 │      
  │  ↑↓ navigate • ← → change value • enter confirm • esc back • space toggle … • ctrl+c quit • ? help           │      
  ╰──────────────────────────────────────────────────────────────────────────────────────────────────────────────╯      
                                                                                                                        