                                                                                
  ╭──────────────────────────────────────────────────────────────────────────╮  
  │ O K D C T L                                                              │  
  │ configure node placement        connect · cluster ●●○○ · extras · review │  
  │──────────────────────────────────────────────────────────────────────────│  
  │    discovered 2 node(s), 3 storage pool(s), 2 bridge(s)                  │  
  │                                                                          │  
  │                                                                          │  
  │    ● infrastructure                                                      │  
  │                                                                          │  
  │    bridge                                                                │  
  │    ╭────────────╮                                                        │  
  │    │ ◂ vmbr0 ▸  │                                                        │  
  │    ╰────────────╯                                                        │  
  │                                                                          │  
  │    additional networks                                                   │  
  │    ╭────────────────────────────────────────────────────────────────╮    │  
  │    │ > [ ] vmbr0    [ ] vmbr1                                       │    │  
  │    ╰────────────────────────────────────────────────────────────────╯    │  
  │                                                                          │  
  │─────────── ↑ ↓  scroll down for more ─────────── ▸ okd 4.22.0-okd-scos.7 │  
  │  ↑↓ navigate • ← → change value … • ctrl+c quit • ? help                 │  
  ╰──────────────────────────────────────────────────────────────────────────╯  
                                                                                