                                                                                
  ╭──────────────────────────────────────────────────────────────────────────╮  
  │ O K D C T L                                                              │  
  │ configure proxmox ve connection  connect ✓✓● · cluster · extras · review │  
  │──────────────────────────────────────────────────────────────────────────│  
  │                                                                          │  
  │    ● connection                                                          │  
  │                                                                          │  
  │    host                                                                  │  
  │    ╭────────────────────────────────────────────────────────╮            │  
  │    │ 192.168.1.100:8006                                     │            │  
  │    ╰────────────────────────────────────────────────────────╯            │  
  │    proxmox host ip:port (e.g., 192.168.1.100:8006)                       │  
  │                                                                          │  
  │    ○ credentials                                                         │  
  │                                                                          │  
  │    username                           password                           │  
  │    ╭─────────────────────╮            ╭─────────────────────╮            │  
  │    │ root@pam            │ default    │ ·                   │            │  
  │                                                                          │  
  │─────────── ↑ ↓  scroll down for more ──────────── ▸ okd 4.22.0-okd-scos.7│  
  │  ↑↓/tab navigate • enter continue • esc back … • ctrl+c quit • ? help    │  
  ╰──────────────────────────────────────────────────────────────────────────╯  
                                                                                