                                                                                                                        
  ╭──────────────────────────────────────────────────────────────────────────────────────────────────────────────────╮  
  │ O K D C T L                                                                                                      │  
  │ configure proxmox ve connection                                              ●─●─●─○─○─○─○─○─○─○─○  step 3 of 11 │  
  │──────────────────────────────────────────────────────────────────────────────────────────────────────────────────│  
  │                                                                                                                  │  
  │    ✓ connection                                                                                                  │  
  │                                                                                                                  │  
  │    host                                                                                                          │  
  │    ╭──────────────────────────────╮                                                                              │  
  │    │ 192.168.1.100:8006           │                                                                              │  
  │    ╰──────────────────────────────╯                                                                              │  
  │                                                                                                                  │  
  │    ● credentials                                                                                                 │  
  │                                                                                                                  │  
  │    username                                                                                                      │  
  │    ╭──────────────────────────────╮                                                                              │  
  │    │ root@pam                     │                                                                              │  
  │    ╰──────────────────────────────╯                                                                              │  
  │    ✗ this field is required                                                                                      │  
  │                                                                                                                  │  
  │    password                                                                                                      │  
  │    ╭──────────────────────────────╮                                                                              │  
  │    │ ·                            │                                                                              │  
  │    ╰──────────────────────────────╯                                                                              │  
  │    ✗ this field is required                                                                                      │  
  │                                                                                                                  │  
  │    token id                                                                                                      │  
  │    ╭──────────────────────────────╮                                                                              │  
  │    │ ·                            │                                                                              │  
  │    ╰──────────────────────────────╯                                                                              │  
  │                                                                                                                  │  
  │    skip tls verify (skip tls certificate verification — set to yes only for self-signed certs)                   │  
  │    ╭────────────────────────────────────────────────────────────────────────────────────────────────────╮        │  
  │    │ > no                                                                                               │        │  
  │                                                                                                                  │  
  │─────────────────────────────── ↑ ↓  scroll down for more ─────────────────────────────── ▸ okd 4.22.0-okd-scos.7 │  
  │  ↑↓/tab navigate • enter continue • esc back • pgup/pgdn scroll                                                  │  
  ╰──────────────────────────────────────────────────────────────────────────────────────────────────────────────────╯  
                                                                                                                        