                                                                                      
  ╭────────────────────────────────────────────────────────────────────────────────╮  
  │ O K D C T L                                                                    │  
  │ okd over proxmox, the easy way        ●─●─●─○─○─○─○─○─○─○─○ step 3 of 11       │  
  │──────────────────────────────────────────────────────────────────────────      │  
  │  configure proxmox ve connection                                               │  
  │                                                                                │  
  │                                                                                │  
  │    ✓ connection                                                                │  
  │                                                                                │  
  │    host (proxmox host ip:port (e.g., 192.168.1.100:8006))                      │  
  │    ╭────────────────────────────────────────────────────────────╮              │  
  │    │ > 192.168.1.100:8006                                       │              │  
  │    ╰────────────────────────────────────────────────────────────╯              │  
  │                                                                                │  
  │    ● credentials                                                               │  
  │                                                                                │  
  │    username (proxmox username (user@realm))                                    │  
  │    ╭────────────────────────────────────────────────────────────╮              │  
  │    │ > root@pam                                                 │              │  
  │─────────────────────── ↑ ↓  scroll down for more ─── ▸ okd 4.22.0-okd-scos.7   │  
  │   ↑↓/tab  navigate    enter  continue    esc  back                             │  
  ╰────────────────────────────────────────────────────────────────────────────────╯  
                                                                                      