                                                                                
  ╭──────────────────────────────────────────────────────────────────────────╮  
  │ O K D C T L                                                              │  
  │ configure node resources        connect · cluster ✓✓✓● · extras · review │  
  │──────────────────────────────────────────────────────────────────────────│  
  │                                                                          │  
  │    ● control plane                                                       │  
  │                                                                          │  
  │    vcpus                  memory (mb)    os disk (gb)                    │  
  │    ╭─────────╮            ╭─────────╮    ╭─────────╮                     │  
  │    │ 4       │            │ 12288   │    │ 50      │                     │  
  │    ╰─────────╯            ╰─────────╯    ╰─────────╯                     │  
  │    okd minimum: 4                                                        │  
  │    vcpus                                                                 │  
  │                                                                          │  
  │    ✓ workers                                                             │  
  │                                                                          │  
  │    vcpus          memory (mb)    os disk (gb)                            │  
  │    ╭─────────╮    ╭─────────╮    ╭─────────╮                             │  
  │                                                                          │  
  │─────────── ↑ ↓  scroll down for more ─────────── ▸ okd 4.22.0-okd-scos.7 │  
  │  40 vcpu · 104 gb ram · 1850 gb disk               ctrl+c quit • ? help  │  
  ╰──────────────────────────────────────────────────────────────────────────╯  
                                                                                