                                                                                                                        
  ╭──────────────────────────────────────────────────────────────────────────────────────────────────────────────────╮  
  │ O K D C T L                                                                                                      │  
  │ okd over proxmox, the easy way                                                ●─●─●─●─●─●─●─○─○─○─○ step 7 of 11 │  
  │──────────────────────────────────────────────────────────────────────────────────────────────────────────────────│  
  │  configure node resources                                                                                        │  
  │                                                                                                                  │  
  │    ● control plane                                                                                               │  
  │                                                                                                                  │  
  │    vcpus: 4                                                                                                      │  
  │                                                                                                                  │  
  │    > memory (mb) (okd minimum: 8192 mb (8 gb))                                                                   │  
  │    ╭────────────────────────────────────────────────────────────────────────────────────────────────────╮        │  
  │    │ > 12288                                                                                            │        │  
  │    ╰────────────────────────────────────────────────────────────────────────────────────────────────────╯        │  
  │                                                                                                                  │  
  │    os disk (gb): 50                                                                                              │  
  │                                                                                                                  │  
  │    ✓ workers                                                                                                     │  
  │                                                                                                                  │  
  │    vcpus: 8                                                                                                      │  
  │                                                                                                                  │  
  │    memory (mb): 20480                                                                                            │  
  │                                                                                                                  │  
  │    os disk (gb): 50                                                                                              │  
  │                                                                                                                  │  
  │    ✓ data storage                                                                                                │  
  │                                                                                                                  │  
  │    worker data disk (gb): 500                                                                                    │  
  │                                                                                                                  │  
  │    control plane data disk (gb): 0                                                                               │  
  │    ╭────────────────────────────────────────────────────────────────────────────────────────────────────╮        │  
  │    │ total resources required                                                                           │        │  
  │    │                                                                                                    │        │  
  │    │ 36 vcpus  ·  96 gb ram  ·  300 gb os  ·  1.5 tb storage                                            │        │  
  │    ╰────────────────────────────────────────────────────────────────────────────────────────────────────╯        │  
  │─────────────────────────────── ↑ ↓  scroll down for more ─────────────────────────────── ▸ okd 4.22.0-okd-scos.7 │  
  │   ↑↓/tab  navigate    enter  continue    esc  back                                                               │  
  ╰──────────────────────────────────────────────────────────────────────────────────────────────────────────────────╯  
                                                                                                                        