                                                                                                                        
  ╭──────────────────────────────────────────────────────────────────────────────────────────────────────────────────╮  
  │ O K D C T L                                                                                                      │  
  │ review your configuration                                                    connect · cluster · extras · review │  
  │──────────────────────────────────────────────────────────────────────────────────────────────────────────────────│  
  │  PREFLIGHT · 1 passed · 0 warnings · 2 not checked                                                               │  
  │  ○ pull secret · not configured                                                                                  │  
  │  ○ ssh public key · not configured                                                                               │  
  │  ✓ CIDR ranges · no overlap · 192.168.1.0/24 · 10.128.0.0/14 · 172.30.0.0/16                                     │  
  │  [1] cluster identity                                                                                            │  
  │  ┄┄┄┄┄┄┄┄┄┄┄┄┄┄┄┄┄┄┄┄┄┄┄┄┄┄┄┄┄┄┄┄┄┄┄┄┄┄┄┄┄┄┄┄┄┄┄┄┄┄┄┄┄┄┄┄┄┄┄┄┄┄┄┄┄┄┄┄┄┄┄┄┄┄┄┄┄┄┄┄┄┄┄┄┄┄┄┄┄┄┄┄┄┄┄┄┄┄┄┄┄┄┄┄┄┄      │  
  │  name          mycluster                                                                                         │  
  │  domain        k8s.local                                                                                         │  
  │  distribution  OKD 4.22.0-okd-scos.7                                                                             │  
  │                                                                                                                  │  
  │  [2] proxmox                                                                                                     │  
  │  ┄┄┄┄┄┄┄┄┄┄┄┄┄┄┄┄┄┄┄┄┄┄┄┄┄┄┄┄┄┄┄┄┄┄┄┄┄┄┄┄┄┄┄┄┄┄┄┄┄┄┄┄┄┄┄┄┄┄┄┄┄┄┄┄┄┄┄┄┄┄┄┄┄┄┄┄┄┄┄┄┄┄┄┄┄┄┄┄┄┄┄┄┄┄┄┄┄┄┄┄┄┄┄┄┄┄      │  
  │  host            192.168.1.100:8006                                                                              │  
  │  bootstrap node  pve                                                                                             │  
  │  bridge          vmbr0                                                                                           │  
  │  storage         local-lvm                                                                                       │  
  │  iso storage     local                                                                                           │  
  │                                                                                                                  │  
  │  [3] networking                                                                                                  │  
  │  ┄┄┄┄┄┄┄┄┄┄┄┄┄┄┄┄┄┄┄┄┄┄┄┄┄┄┄┄┄┄┄┄┄┄┄┄┄┄┄┄┄┄┄┄┄┄┄┄┄┄┄┄┄┄┄┄┄┄┄┄┄┄┄┄┄┄┄┄┄┄┄┄┄┄┄┄┄┄┄┄┄┄┄┄┄┄┄┄┄┄┄┄┄┄┄┄┄┄┄┄┄┄┄┄┄┄      │  
  │  machine cidr     192.168.1.0/24                                                                                 │  
  │  gateway          192.168.1.1                                                                                    │  
  │  upstream dns     192.168.1.1                                                                                    │  
  │  bastion          192.168.1.20                                                                                   │  
  │  api vip          192.168.1.10 (auto)                                                                            │  
  │  host prefix      23                                                                                             │  
  │  pod cidr         10.128.0.0/14                                                                                  │  
  │  service cidr     172.30.0.0/16                                                                                  │  
  │  static ip start  192.168.1.140                                                                                  │  
  │  interface        ens18                                                                                          │  
  │                                                                                                                  │  
  │─────────────────────────────── ↑ ↓  scroll down for more ─────────────────────────────── ▸ okd 4.22.0-okd-scos.7 │  
  │  ○ deploy now   ● save and exit  p preview install config • ←/→ choose • enter confirm … • ctrl+c quit • ? help  │  
  ╰──────────────────────────────────────────────────────────────────────────────────────────────────────────────────╯  
                                                                                                                        