                                                                                                    
  ╭──────────────────────────────────────────────────────────────────────────────────────────────╮  
  │ O K D C T L                                                                                  │  
  │ review your configuration                                connect · cluster · extras · review │  
  │──────────────────────────────────────────────────────────────────────────────────────────────│  
  │  PREFLIGHT                                                                                   │  
  │    pull secret         not configured                                                        │  
  │    ssh public key      not configured                                                        │  
  │    CIDR ranges         no overlap                                                            │  
  │                                                                                              │  
  │  [1] cluster identity                                                                        │  
  │  ┄┄┄┄┄┄┄┄┄┄┄┄┄┄┄┄┄┄┄┄┄┄┄┄┄┄┄┄┄┄┄┄┄┄┄┄┄┄┄┄┄┄┄┄┄┄┄┄┄┄┄┄┄┄┄┄┄┄┄┄┄┄┄┄┄┄┄┄┄┄┄┄┄┄┄┄┄┄┄┄┄┄┄┄┄┄┄┄┄┄  │  
  │  name          mycluster                                                                     │  
  │  domain        k8s.local                                                                     │  
  │  distribution  OKD 4.22.0-okd-scos.7                                                         │  
  │                                                                                              │  
  │  [2] proxmox                                                                                 │  
  │  ┄┄┄┄┄┄┄┄┄┄┄┄┄┄┄┄┄┄┄┄┄┄┄┄┄┄┄┄┄┄┄┄┄┄┄┄┄┄┄┄┄┄┄┄┄┄┄┄┄┄┄┄┄┄┄┄┄┄┄┄┄┄┄┄┄┄┄┄┄┄┄┄┄┄┄┄┄┄┄┄┄┄┄┄┄┄┄┄┄┄  │  
  │  host            192.168.1.100:8006                                                          │  
  │  bootstrap node  pve                                                                         │  
  │  bridge          vmbr0                                                                       │  
  │  storage         local-lvm                                                                   │  
  │  iso storage     local                                                                       │  
  │                                                                                              │  
  │  [3] node placement                                                                          │  
  │                                                                                              │  
  │───────────────────── ↑ ↓  scroll down for more ───────────────────── ▸ okd 4.22.0-okd-scos.7 │  
  │  ● deploy now   ○ save and exit           p preview install config … • ctrl+c quit • ? help  │  
  ╰──────────────────────────────────────────────────────────────────────────────────────────────╯  
                                                                                                    