                                                                                
  ╭──────────────────────────────────────────────────────────────────────────╮  
  │ O K D C T L                                                              │  
  │ done                                                      install · done │  
  │──────────────────────────────────────────────────────────────────────────│  
  │  ╭────────────────────────────── ERROR ───────────────────────────────╮  │  
  │  │                                                                    │  │  
  │  │  ✗  deploy failed                                                  │  │  
  │  │                                                                    │  │  
  │  │  deploy infrastructure failed: proxmox task UPID:pve:0000A1: vm    │  │  
  │  │  9001 already exists                                               │  │  
  │  │                                                                    │  │  
  │  │  → re-run 'okdctl deploy' to resume from the recorded phase, or    │  │  
  │  │    'okdctl deploy --fresh' to restart from scratch                 │  │  
  │  │                                                                    │  │  
  │  ╰────────────────────────────────────────────────────────────────────╯  │  
  │                                                                          │  
  │  LOG                                                                     │  
  │  · 09:02:06 deploy step started step=step-18 phase=setup          │      │  
  │                                                                          │  
  │────────────────── ↑ ↓  scroll down for more ────────────────── ▸ homelab │  
  │  enter exit • pgup/pgdn page the log • ? help                            │  
  ╰──────────────────────────────────────────────────────────────────────────╯  
                                                                                