                                                                                                    
  ╭──────────────────────────────────────────────────────────────────────────────────────────────╮  
  │ O K D C T L                                                                                  │  
  │ done                                                                          install · done │  
  │──────────────────────────────────────────────────────────────────────────────────────────────│  
  │  ✓ prep                                                                             40s      │  
  │  ⚠ ignition                                                                                  │  
  │      ⚠ generate ignition                                                    interrupted      │  
  │      ○ build isos                                                                            │  
  │  ○ infra                                                                                     │  
  │  ○ install                                                                                   │  
  │  ○ verify                                                                                    │  
  │                                                                                              │  
  │  ╭──────────────────────────────────────── ERROR ─────────────────────────────────────────╮  │  
  │  │                                                                                        │  │  
  │  │  ✗  deploy interrupted                                                                 │  │  
  │  │                                                                                        │  │  
  │  │  the operator cancelled this run; nothing beyond the step already in flight was        │  │  
  │  │  attempted.                                                                            │  │  
  │  │                                                                                        │  │  
  │  ╰────────────────────────────────────────────────────────────────────────────────────────╯  │  
  │                                                                                              │  
  │  run_id ........ run-01                                                                      │  
  │  stopped at .... generate ignition                                                           │  
  │  phase ......... ignition                                                                    │  
  │                                                                                              │  
  │──────────────────────────── ↑ ↓  scroll down for more ──────────────────────────── ▸ homelab │  
  │  / filter the log • l lock the log here • f full-screen log • c copy the run id … • ? help   │  
  ╰──────────────────────────────────────────────────────────────────────────────────────────────╯  
                                                                                                    