                                                                                                                                                                                    
  ╭──────────────────────────────────────────────────────────────────────────────────────────────────────────────────────────────────────────────────────────────────────────────╮  
  │ O K D C T L  installing okd over proxmox                                                                                                                                     │  
  │ deploying homelab                                                                                                                                             install · done │  
  │──────────────────────────────────────────────────────────────────────────────────────────────────────────────────────────────────────────────────────────────────────────────│  
  │  deploying homelab  2 / 7                                                           elapsed 1m15s      │  LOG · ▸ filter: step-2 (4/24)                                      │  
  │  ██████████████████████████│░░░░░░░░░░░░░░░░░░░░░░░░░│░░░░░░░░░░░░│░░░░░░░░░░░░│░░░░░░░░░░░░  28%      │  · 09:02:20 deploy step started step=step-20 phase=setup          │ │  
  │  ✓ prep                                                                                       40s      │  · 09:02:27 deploy step started step=step-21 phase=setup          │ │  
  │  ● ignition                                                                                            │  · 09:02:34 deploy step started step=step-22 phase=setup          │ │  
  │      ⣾ generate ignition                                                                      35s      │  · 09:02:41 deploy step started step=step-23 phase=setup          ▎ │  
  │      ○ build isos                                                                                      │                                                                     │  
  │  ○ infra                                                                                               │                                                                     │  
  │  ○ install                                                                                             │                                                                     │  
  │  ○ verify                                                                                              │                                                                     │  
  │                                                                                                        │                                                                     │  
  │  PHASES                                                                                                │                                                                     │  
  │  prep      ████████████████████████                                                           40s      │                                                                     │  
  │  ignition  █████████████████████                                                              35s      │                                                                     │  
  │  infra                                                                                                 │                                                                     │  
  │  install                                                                                               │                                                                     │  
  │  verify                                                                                                │                                                                     │  
  │                                                                                                        │                                                                     │  
  │  full log okd-install/okdctl.log · ctrl+c cancels after the current step                               │                                                                     │  
  │                                                                                                        │                                                                     │  
  │                                                                                                        │                                                                     │  
  │                                                                                                        │                                                                     │  
  │                                                                                                        │                                                                     │  
  │                                                                                                        │                                                                     │  
  │                                                                                                        │                                                                     │  
  │                                                                                                        │                                                                     │  
  │                                                                                                        │                                                                     │  
  │                                                                                                        │                                                                     │  
  │                                                                                                        │                                                                     │  
  │                                                                                                        │                                                                     │  
  │                                                                                                        │                                                                     │  
  │                                                                                                        │                                                                     │  
  │                                                                                                        │                                                                     │  
  │                                                                                                        │                                                                     │  
  │                                                                                                        │                                                                     │  
  │                                                                                                        │                                                                     │  
  │                                                                                                        │                                                                     │  
  │                                                                                                        │                                                                     │  
  │                                                                                                        │                                                                     │  
  │                                                                                                                                                                              │  
  │─────────────────────────────────────────────────────────────────────────────────────────────────────────────────────────────────────────────────────────────────── ▸ homelab │  
  │  / filter the log again • n/N next/prev match • l lock the log here • f full-screen log • ctrl+c cancel (twice to force-quit) • ? help                                       │  
  ╰──────────────────────────────────────────────────────────────────────────────────────────────────────────────────────────────────────────────────────────────────────────────╯  
                                                                                                                                                                                    