                                                                                
  ╭──────────────────────────────────────────────────────────────────────────╮  
  │ O K D C T L  installing okd over proxmox                                 │  
  │ deploying homelab                                         install · done │  
  │──────────────────────────────────────────────────────────────────────────│  
  │  deploying homelab  7 / 7                             elapsed 2m20s      │  
  │  █████████████████│████████████████│██████░░│░░░░░░░│░░░░░░░░  100%      │  
  │  ✓ prep                                                         40s      │  
  │  ✓ ignition                                                     40s      │  
  │  ✓ infra                                                        20s      │  
  │  ✓ install                                                      20s      │  
  │  ✓ verify                                                       20s      │  
  │                                                                          │  
  │  LOG                                                                     │  
  │  · 09:02:06 deploy step started step=step-18 phase=setup          │      │  
  │  · 09:02:13 deploy step started step=step-19 phase=setup          │      │  
  │  · 09:02:20 deploy step started step=step-20 phase=setup          │      │  
  │  · 09:02:27 deploy step started step=step-21 phase=setup          │      │  
  │  · 09:02:34 deploy step started step=step-22 phase=setup          ▎      │  
  │                                                                          │  
  │────────────────── ↑ ↓  scroll down for more ────────────────── ▸ homelab │  
  │  l lock the log here … • ctrl+c cancel (twice to force-quit) • ? help    │  
  ╰──────────────────────────────────────────────────────────────────────────╯  
                                                                                