                                                                                
  ╭──────────────────────────────────────────────────────────────────────────╮  
  │ O K D C T L                                                              │  
  │ configure cluster addons         connect · cluster · extras ●○○ · review │  
  │──────────────────────────────────────────────────────────────────────────│  
  │                                                                          │  
  │         ╭──────────────────────────────────────────────────────╮         │  
  │         │ key bindings                                         │         │  
  │         │                                                      │         │  
  │         │ screen                                               │         │  
  │         │   ↑↓/tab navigate                                    │         │  
  │         │   enter continue                                     │         │  
  │         │                                                      │         │  
  │         │ global                                               │         │  
  │         │   esc back • ctrl+c quit • pgup/pgdn scroll • ? help │         │  
  │         │                                                      │         │  
  │         │ esc or ? closes                                      │         │  
  │         ╰──────────────────────────────────────────────────────╯         │  
  │                                                                          │  
  │                                                                          │  
  │─────────── ↑ ↓  scroll down for more ─────────── ▸ okd 4.22.0-okd-scos.7 │  
  │  ↑↓/tab navigate • enter continue • esc back … • ctrl+c quit • ? help    │  
  ╰──────────────────────────────────────────────────────────────────────────╯  
                                                                                