                                                                                                    
  ╭──────────────────────────────────────────────────────────────────────────────────────────────╮  
  │ O K D C T L                                                                                  │  
  │ configure cluster addons                             connect · cluster · extras ●○○ · review │  
  │──────────────────────────────────────────────────────────────────────────────────────────────│  
  │                                                                                              │  
  │                                                                                              │  
  │                                                                                              │  
  │                                                                                              │  
  │                ╭───────────────────────────────────────────────────────────╮                 │  
  │                │ key bindings                                              │                 │  
  │                │                                                           │                 │  
  │                │ screen                                                    │                 │  
  │                │   ↑↓/tab navigate                                         │                 │  
  │                │   enter continue                                          │                 │  
  │                │                                                           │                 │  
  │                │ vim     j/k scroll • ctrl+d/u half page • gg/G top/bottom │                 │  
  │                │ global  esc back • ctrl+c quit • ? help                   │                 │  
  │                │                                                           │                 │  
  │                │ esc or ? closes                                           │                 │  
  │                ╰───────────────────────────────────────────────────────────╯                 │  
  │                                                                                              │  
  │                                                                                              │  
  │                                                                                              │  
  │                                                                                              │  
  │                                                                                              │  
  │───────────────────────────────────────────────────────────────────── ▸ okd 4.22.0-okd-scos.7 │  
  │  ↑↓/tab navigate • enter continue • esc back • ctrl+c quit • ? help                          │  
  ╰──────────────────────────────────────────────────────────────────────────────────────────────╯  
                                                                                                    