                                                                                
  ╭──────────────────────────────────────────────────────────────────────────╮  
  │ O K D C T L                                                              │  
  │ configure cluster addons         connect · cluster · extras ●○○ · review │  
  │──────────────────────────────────────────────────────────────────────────│  
  │    connect host                                                          │  
  │    ╭────────────────────────────────────────────────────────╮            │  
  │    │ http://onepassword-connect:8080                        │ default    │  
  │    ╰────────────────────────────────────────────────────────╯            │  
  │                                                                          │  
  │    ╭─ vaults ───────────────────────────────────────────────────────╮    │  
  │    │ homelab                         1                              │    │  
  │    │ + add                                                          │    │  
  │    ╰────────────────────────────────────────────────────────────────╯    │  
  │                                                                          │  
  │      vault settings appear when selected.                                │  
  │                                                                          │  
  │      bitwarden settings appear when selected.                            │  
  │                                                                          │  
  │                                                                          │  
  │──────────── ↑ ↓  scroll up for more ──────────── ▸ okd 4.22.0-okd-scos.7 │  
  │  ↑↓/tab navigate • enter continue • esc back … • ctrl+c quit • ? help    │  
  ╰──────────────────────────────────────────────────────────────────────────╯  
                                                                                