                                                                                                    
  ╭──────────────────────────────────────────────────────────────────────────────────────────────╮  
  │ O K D C T L                                                                                  │  
  │ okd over proxmox, the easy way                                                 ● step 1 of 1 │  
  │──────────────────────────────────────────────────────────────────────────────────────────────│  
  │  body                                                                                        │  
  │                                                                                              │  
  │                                                                                              │  
  │                                                                                              │  
  │                                                                                              │  
  │                                                                                              │  
  │                                                                                              │  
  │                                                                                              │  
  │                                                                                              │  
  │                                                                                              │  
  │                                                                                              │  
  │                                                                                              │  
  │                                                                                              │  
  │                                                                                              │  
  │                                                                                              │  
  │                                                                                              │  
  │                                                                                              │  
  │                                                                                              │  
  │                                                                                              │  
  │                                                                                              │  
  │  ✗ boom                                                                                      │  
  │───────────────────────────────────────────────────────────────────── ▸ okd 4.22.0-okd-scos.7 │  
  │   ↑↓  navigate    enter  confirm    esc  back    ctrl+c  quit                                │  
  ╰──────────────────────────────────────────────────────────────────────────────────────────────╯  
                                                                                                    