                                                                                                                                                                                    
  ╭──────────────────────────────────────────────────────────────────────────────────────────────────────────────────────────────────────────────────────────────────────────────╮  
  │ O K D C T L                                                                                                                                                                  │  
  │ configure node placement                                                                                                            connect · cluster ✓●○○ · extras · review │  
  │──────────────────────────────────────────────────────────────────────────────────────────────────────────────────────────────────────────────────────────────────────────────│  
  │    discovered 2 node(s), 3 storage pool(s), 2 bridge(s)                                                │  PROGRESS                                                           │  
  │    pve1 ✓ online · 32c · 128g                                                                          │  ✓ welcome                                                          │  
  │    pve2 ✓ online · 24c · 96g                                                                           │  ✓ okd version                                                      │  
  │    assigned demand · pve1: 36c/96g/1800gb · oversubscribed                                             │  ✓ proxmox configuration                                            │  
  │                                                                                                        │  ✓ cluster basics                                                   │  
  │                                                                                                        │  ● node placement                                                   │  
  │    ● infrastructure                                                                                    │  ○ network configuration                                            │  
  │                                                                                                        │  ○ node resources                                                   │  
  │    bridge                                                                                              │  ○ cluster addons                                                   │  
  │    ╭────────────╮                                                                                      │  ○ files & ignition                                                 │  
  │    │ ◂ vmbr0 ▸  │                                                                                      │  ○ advanced settings                                                │  
  │    ╰────────────╯                                                                                      │  ○ review & deploy                                                  │  
  │    network bridge for vms                                                                              │                                                                     │  
  │                                                                                                        │                                                                     │  
  │    additional networks                                                                                 │                                                                     │  
  │    ╭──────────────────────────────────────────────────────────────────────────────────────────────╮    │                                                                     │  
  │    │   [ ] vmbr0    [ ] vmbr1                                                                     │    │                                                                     │  
  │    ╰──────────────────────────────────────────────────────────────────────────────────────────────╯    │                                                                     │  
  │                                                                                                        │                                                                     │  
  │    os storage                                                                                          │                                                                     │  
  │    ╭─────────────────────────────────────────╮                                                         │                                                                     │  
  │    │ ◂ local-lvm — pve1 1.8tb · pve2 1.8tb ▸ │                                                         │                                                                     │  
  │    ╰─────────────────────────────────────────╯                                                         │                                                                     │  
  │                                                                                                        │                                                                     │  
  │    data storage                                                                                        │                                                                     │  
  │    ╭─────────────────────────────────────────╮                                                         │                                                                     │  
  │    │ ◂ local-lvm — pve1 1.8tb · pve2 1.8tb ▸ │                                                         │                                                                     │  
  │    ╰─────────────────────────────────────────╯                                                         │                                                                     │  
  │                                                                                                        │                                                                     │  
  │    iso storage                                                                                         │                                                                     │  
  │    ╭─────────────────────────────────────╮                                                             │                                                                     │  
  │    │ local — pve1 200gb · pve2 200gb     │                                                             │                                                                     │  
  │    ╰─────────────────────────────────────╯                                                             │                                                                     │  
  │                                                                                                        │                                                                     │  
  │    fcos iso                                                                                            │                                                                     │  
  │    ╭─────────────────────────────────────────────╮                                                     │                                                                     │  
  │    │ ◂ none ▸                                    │                                                     │                                                                     │  
  │    ╰─────────────────────────────────────────────╯                                                     │                                                                     │  
  │                                                                                                                                                                              │  
  │───────────────────────────────────────────────────────────── ↑ ↓  scroll down for more ───────────────────────────────────────────────────────────── ▸ okd 4.22.0-okd-scos.7 │  
  │  ↑↓ navigate • ← → change value • enter continue • esc back • pgup/pgdn scroll • ctrl+c quit • ? help                                                                        │  
  ╰──────────────────────────────────────────────────────────────────────────────────────────────────────────────────────────────────────────────────────────────────────────────╯  
                                                                                                                                                                                    