                                                                                                                                                                                    
  ╭──────────────────────────────────────────────────────────────────────────────────────────────────────────────────────────────────────────────────────────────────────────────╮  
  │ O K D C T L                                                                                                                                                                  │  
  │ review your configuration                                                                                                                connect · cluster · extras · review │  
  │──────────────────────────────────────────────────────────────────────────────────────────────────────────────────────────────────────────────────────────────────────────────│  
  │  PREFLIGHT                                                                                             │  PREFLIGHT                                                          │  
  │    pull secret         not configured                                                                  │    pull secret         not configured                               │  
  │    ssh public key      not configured                                                                  │    ssh public key      not configured                               │  
  │    CIDR ranges         no overlap                                                                      │    CIDR ranges         no overlap                                   │  
  │                                                                                                        │                                                                     │  
  │  [1] cluster identity                                                                                  │  DEPLOY PLAN                                                        │  
  │  ┄┄┄┄┄┄┄┄┄┄┄┄┄┄┄┄┄┄┄┄┄┄┄┄┄┄┄┄┄┄┄┄┄┄┄┄┄┄┄┄┄┄┄┄┄┄┄┄┄┄┄┄┄┄┄┄┄┄┄┄┄┄┄┄┄┄┄┄┄┄┄┄┄┄┄┄┄┄┄┄┄┄┄┄┄┄┄┄┄┄┄┄┄┄┄┄┄┄┄┄  │  role      vms vcpu   ram os disk                                   │  
  │  name          mycluster                                                                               │  bootstrap   1    4  8 gb   50 gb                                   │  
  │  domain        k8s.local                                                                               │  masters     3    4 12 gb   50 gb                                   │  
  │  distribution  OKD 4.22.0-okd-scos.7                                                                   │  workers     3    8 20 gb   50 gb                                   │  
  │                                                                                                        │                                                                     │  
  │  [2] proxmox                                                                                           │  WRITES                                                             │  
  │  ┄┄┄┄┄┄┄┄┄┄┄┄┄┄┄┄┄┄┄┄┄┄┄┄┄┄┄┄┄┄┄┄┄┄┄┄┄┄┄┄┄┄┄┄┄┄┄┄┄┄┄┄┄┄┄┄┄┄┄┄┄┄┄┄┄┄┄┄┄┄┄┄┄┄┄┄┄┄┄┄┄┄┄┄┄┄┄┄┄┄┄┄┄┄┄┄┄┄┄┄  │  okdctl.yaml                                                        │  
  │  host            192.168.1.100:8006                                                                    │                                                                     │  
  │  bootstrap node  pve                                                                                   │  HEADLESS                                                           │  
  │  bridge          vmbr0                                                                                 │  okdctl deploy --config 'okdctl.yaml' --yes --confirm-cluster       │  
  │  storage         local-lvm                                                                             │  'mycluster'                                                        │  
  │  iso storage     local                                                                                 │                                                                     │  
  │                                                                                                        │  p preview install-config.yaml                                      │  
  │  [3] networking                                                                                        │                                                                     │  
  │  ┄┄┄┄┄┄┄┄┄┄┄┄┄┄┄┄┄┄┄┄┄┄┄┄┄┄┄┄┄┄┄┄┄┄┄┄┄┄┄┄┄┄┄┄┄┄┄┄┄┄┄┄┄┄┄┄┄┄┄┄┄┄┄┄┄┄┄┄┄┄┄┄┄┄┄┄┄┄┄┄┄┄┄┄┄┄┄┄┄┄┄┄┄┄┄┄┄┄┄┄  │                                                                     │  
  │  machine cidr     192.168.1.0/24                                                                       │                                                                     │  
  │  gateway          192.168.1.1                                                                          │                                                                     │  
  │  upstream dns     192.168.1.1                                                                          │                                                                     │  
  │  bastion          192.168.1.20                                                                         │                                                                     │  
  │  api vip          192.168.1.10 (auto)                                                                  │                                                                     │  
  │  host prefix      23                                                                                   │                                                                     │  
  │  pod cidr         10.128.0.0/14                                                                        │                                                                     │  
  │  service cidr     172.30.0.0/16                                                                        │                                                                     │  
  │  static ip start  192.168.1.140                                                                        │                                                                     │  
  │  interface        ens18                                                                                │                                                                     │  
  │  netmask          255.255.255.0 (from cidr)                                                            │                                                                     │  
  │  vm dns           192.168.1.20 (bastion/dnsmasq)                                                       │                                                                     │  
  │                                                                                                        │                                                                     │  
  │  [4] compute                                                                                           │                                                                     │  
  │  ┄┄┄┄┄┄┄┄┄┄┄┄┄┄┄┄┄┄┄┄┄┄┄┄┄┄┄┄┄┄┄┄┄┄┄┄┄┄┄┄┄┄┄┄┄┄┄┄┄┄┄┄┄┄┄┄┄┄┄┄┄┄┄┄┄┄┄┄┄┄┄┄┄┄┄┄┄┄┄┄┄┄┄┄┄┄┄┄┄┄┄┄┄┄┄┄┄┄┄┄  │                                                                     │  
  │  control plane     3 × (4 vcpu, 12 GB RAM, 50 GB os disk)                                              │                                                                     │  
  │  workers           3 × (8 vcpu, 20 GB RAM, 50 GB os disk)                                              │                                                                     │  
  │                                                                                                                                                                              │  
  │───────────────────────────────────────────────────────────── ↑ ↓  scroll down for more ───────────────────────────────────────────────────────────── ▸ okd 4.22.0-okd-scos.7 │  
  │  ● deploy now   ○ save and exit            p preview install config • ←/→ choose • enter confirm • esc back • 1-9 jump to section • pgup/pgdn scroll • ctrl+c quit • ? help  │  
  ╰──────────────────────────────────────────────────────────────────────────────────────────────────────────────────────────────────────────────────────────────────────────────╯  
                                                                                                                                                                                    