                                                                                                                                                                                    
  ╭──────────────────────────────────────────────────────────────────────────────────────────────────────────────────────────────────────────────────────────────────────────────╮  
  │ O K D C T L                                                                                                                                                                  │  
  │ review your configuration                                                                                                                connect · cluster · extras · review │  
  │──────────────────────────────────────────────────────────────────────────────────────────────────────────────────────────────────────────────────────────────────────────────│  
  │  [1] cluster identity                                                                                  │  PREFLIGHT · 1 passed · 0 warnings · 2 failed · 0 not checked       │  
  │  ┄┄┄┄┄┄┄┄┄┄┄┄┄┄┄┄┄┄┄┄┄┄┄┄┄┄┄┄┄┄┄┄┄┄┄┄┄┄┄┄┄┄┄┄┄┄┄┄┄┄┄┄┄┄┄┄┄┄┄┄┄┄┄┄┄┄┄┄┄┄┄┄┄┄┄┄┄┄┄┄┄┄┄┄┄┄┄┄┄┄┄┄┄┄┄┄┄┄┄┄  │  ✗ pull secret · not configured                                     │  
  │  name          mycluster                                                                               │  ✗ ssh public key · not configured                                  │  
  │  domain        k8s.local                                                                               │  ✓ CIDR ranges · no overlap · 192.168.1.0/24 · 10.128.0.0/14 ·      │  
  │  distribution  OKD 4.22.0-okd-scos.7                                                                   │    172.30.0.0/16                                                    │  
  │                                                                                                        │                                                                     │  
  │  [2] proxmox                                                                                           │  CONFIG CHANGES                                                     │  
  │  ┄┄┄┄┄┄┄┄┄┄┄┄┄┄┄┄┄┄┄┄┄┄┄┄┄┄┄┄┄┄┄┄┄┄┄┄┄┄┄┄┄┄┄┄┄┄┄┄┄┄┄┄┄┄┄┄┄┄┄┄┄┄┄┄┄┄┄┄┄┄┄┄┄┄┄┄┄┄┄┄┄┄┄┄┄┄┄┄┄┄┄┄┄┄┄┄┄┄┄┄  │  new configuration                                                  │  
  │  host            192.168.1.100:8006                                                                    │                                                                     │  
  │  bootstrap node  pve                                                                                   │  DEPLOY PLAN                                                        │  
  │  bridge          vmbr0                                                                                 │  role      vms vcpu   ram os disk                                   │  
  │  storage         local-lvm                                                                             │  bootstrap   1    4  8 gb   50 gb                                   │  
  │  iso storage     local                                                                                 │  masters     3    4 12 gb   50 gb                                   │  
  │                                                                                                        │  workers     3    8 20 gb   50 gb                                   │  
  │  [3] networking                                                                                        │                                                                     │  
  │  ┄┄┄┄┄┄┄┄┄┄┄┄┄┄┄┄┄┄┄┄┄┄┄┄┄┄┄┄┄┄┄┄┄┄┄┄┄┄┄┄┄┄┄┄┄┄┄┄┄┄┄┄┄┄┄┄┄┄┄┄┄┄┄┄┄┄┄┄┄┄┄┄┄┄┄┄┄┄┄┄┄┄┄┄┄┄┄┄┄┄┄┄┄┄┄┄┄┄┄┄  │  WRITES                                                             │  
  │  machine cidr     192.168.1.0/24                                                                       │  okdctl.yaml                                                        │  
  │  gateway          192.168.1.1                                                                          │                                                                     │  
  │  upstream dns     192.168.1.1                                                                          │  HEADLESS                                                           │  
  │  bastion          192.168.1.20                                                                         │  okdctl deploy --config 'okdctl.yaml' --yes --confirm-cluster       │  
  │  api vip          192.168.1.10 (auto)                                                                  │  'mycluster'                                                        │  
  │  host prefix      23                                                                                   │                                                                     │  
  │  pod cidr         10.128.0.0/14                                                                        │  p preview install-config.yaml                                      │  
  │  service cidr     172.30.0.0/16                                                                        │                                                                     │  
  │  static ip start  192.168.1.140                                                                        │                                                                     │  
  │  interface        ens18                                                                                │                                                                     │  
  │  netmask          255.255.255.0 (from cidr)                                                            │                                                                     │  
  │  vm dns           192.168.1.20 (bastion/dnsmasq)                                                       │                                                                     │  
  │                                                                                                        │                                                                     │  
  │  [4] compute                                                                                           │                                                                     │  
  │  ┄┄┄┄┄┄┄┄┄┄┄┄┄┄┄┄┄┄┄┄┄┄┄┄┄┄┄┄┄┄┄┄┄┄┄┄┄┄┄┄┄┄┄┄┄┄┄┄┄┄┄┄┄┄┄┄┄┄┄┄┄┄┄┄┄┄┄┄┄┄┄┄┄┄┄┄┄┄┄┄┄┄┄┄┄┄┄┄┄┄┄┄┄┄┄┄┄┄┄┄  │                                                                     │  
  │  control plane     3 × (4 vcpu, 12 GB RAM, 50 GB os disk)                                              │                                                                     │  
  │  workers           3 × (8 vcpu, 20 GB RAM, 50 GB os disk)                                              │                                                                     │  
  │  worker data disk  500 gb per worker (1500 gb total)                                                   │                                                                     │  
  │  ┄┄┄┄┄┄┄┄┄┄┄┄┄┄┄┄┄┄┄┄┄┄┄┄┄┄┄┄┄┄┄┄┄┄┄┄┄┄┄┄┄┄┄┄┄┄┄┄┄┄┄┄┄┄┄┄┄┄┄┄┄┄┄┄┄┄┄┄┄┄┄┄┄┄┄┄┄┄┄┄┄┄┄┄┄┄┄┄┄┄┄┄┄┄┄┄┄┄┄┄  │                                                                     │  
  │  total             40 vcpu, 104 gb ram, 1850 gb disk                                                   │                                                                     │  
  │  ⚠ total ram exceeds 64 gb — verify your proxmox host(s) have sufficient memory                        │                                                                     │  
  │  ⚠ total vcpu exceeds 32 — verify your proxmox host(s) have sufficient cores                           │                                                                     │  
  │                                                                                                                                                                              │  
  │───────────────────────────────────────────────────────────── ↑ ↓  scroll down for more ───────────────────────────────────────────────────────────── ▸ okd 4.22.0-okd-scos.7 │  
  │  ○ deploy now   ● save and exit            p preview install config • ←/→ choose • enter confirm • esc back • 1-9 jump to section • pgup/pgdn scroll • ctrl+c quit • ? help  │  
  ╰──────────────────────────────────────────────────────────────────────────────────────────────────────────────────────────────────────────────────────────────────────────────╯  
                                                                                                                                                                                    