                                                                                                    
  ╭──────────────────────────────────────────────────────────────────────────────────────────────╮  
  │ O K D C T L                                                                                  │  
  │ which okd version would you like to deploy?              ●─●─○─○─○─○─○─○─○─○─○  step 2 of 11 │  
  │──────────────────────────────────────────────────────────────────────────────────────────────│  
  │  ⣾  fetching okd releases                                                                    │  
  │  this can take a few seconds                                                                 │  
  │                                                                                              │  
  │                                                                                              │  
  │                                                                                              │  
  │                                                                                              │  
  │                                                                                              │  
  │                                                                                              │  
  │                                                                                              │  
  │                                                                                              │  
  │                                                                                              │  
  │                                                                                              │  
  │                                                                                              │  
  │                                                                                              │  
  │                                                                                              │  
  │                                                                                              │  
  │                                                                                              │  
  │                                                                                              │  
  │                                                                                              │  
  │                                                                                              │  
  │                                                                                              │  
  │───────────────────────────────────────────────────────────────────── ▸ okd 4.22.0-okd-scos.7 │  
  │  esc back • ctrl+c quit                                                                      │  
  ╰──────────────────────────────────────────────────────────────────────────────────────────────╯  
                                                                                                    